Archive member included to satisfy reference by file (symbol)

/usr/lib/gcc/arm-none-eabi/8.3.1/../../../arm-none-eabi/lib/thumb/v6-m/nofp/libstdc++.a(functexcept.o)
                              CMakeFiles/PicoAPRSTracker.dir/PicoAPRSTracker.cpp.obj (std::__throw_logic_error(char const*))
/usr/lib/gcc/arm-none-eabi/8.3.1/../../../arm-none-eabi/lib/thumb/v6-m/nofp/libstdc++.a(cow-stdexcept.o)
                              /usr/lib/gcc/arm-none-eabi/8.3.1/../../../arm-none-eabi/lib/thumb/v6-m/nofp/libstdc++.a(functexcept.o) (std::logic_error::logic_error(char const*))
/usr/lib/gcc/arm-none-eabi/8.3.1/../../../arm-none-eabi/lib/thumb/v6-m/nofp/libstdc++.a(eh_throw.o)
                              /usr/lib/gcc/arm-none-eabi/8.3.1/../../../arm-none-eabi/lib/thumb/v6-m/nofp/libstdc++.a(functexcept.o) (__cxa_throw)
/usr/lib/gcc/arm-none-eabi/8.3.1/../../../arm-none-eabi/lib/thumb/v6-m/nofp/libstdc++.a(eh_terminate.o)
                              /usr/lib/gcc/arm-none-eabi/8.3.1/../../../arm-none-eabi/lib/thumb/v6-m/nofp/libstdc++.a(eh_throw.o) (__cxxabiv1::__terminate(void (*)()))
/usr/lib/gcc/arm-none-eabi/8.3.1/../../../arm-none-eabi/lib/thumb/v6-m/nofp/libstdc++.a(eh_term_handler.o)
                              /usr/lib/gcc/arm-none-eabi/8.3.1/../../../arm-none-eabi/lib/thumb/v6-m/nofp/libstdc++.a(eh_terminate.o) (__cxxabiv1::__terminate_handler)
/usr/lib/gcc/arm-none-eabi/8.3.1/../../../arm-none-eabi/lib/thumb/v6-m/nofp/libstdc++.a(eh_personality.o)
                              /usr/lib/gcc/arm-none-eabi/8.3.1/../../../arm-none-eabi/lib/thumb/v6-m/nofp/libstdc++.a(functexcept.o) (__gxx_personality_v0)
/usr/lib/gcc/arm-none-eabi/8.3.1/../../../arm-none-eabi/lib/thumb/v6-m/nofp/libstdc++.a(eh_globals.o)
                              /usr/lib/gcc/arm-none-eabi/8.3.1/../../../arm-none-eabi/lib/thumb/v6-m/nofp/libstdc++.a(eh_throw.o) (__cxa_get_globals)
/usr/lib/gcc/arm-none-eabi/8.3.1/../../../arm-none-eabi/lib/thumb/v6-m/nofp/libstdc++.a(eh_exception.o)
                              /usr/lib/gcc/arm-none-eabi/8.3.1/../../../arm-none-eabi/lib/thumb/v6-m/nofp/libstdc++.a(cow-stdexcept.o) (std::exception::~exception())
/usr/lib/gcc/arm-none-eabi/8.3.1/../../../arm-none-eabi/lib/thumb/v6-m/nofp/libstdc++.a(eh_catch.o)
                              /usr/lib/gcc/arm-none-eabi/8.3.1/../../../arm-none-eabi/lib/thumb/v6-m/nofp/libstdc++.a(cow-stdexcept.o) (__cxa_begin_catch)
/usr/lib/gcc/arm-none-eabi/8.3.1/../../../arm-none-eabi/lib/thumb/v6-m/nofp/libstdc++.a(eh_call.o)
                              /usr/lib/gcc/arm-none-eabi/8.3.1/../../../arm-none-eabi/lib/thumb/v6-m/nofp/libstdc++.a(eh_personality.o) (__cxa_call_terminate)
/usr/lib/gcc/arm-none-eabi/8.3.1/../../../arm-none-eabi/lib/thumb/v6-m/nofp/libstdc++.a(eh_arm.o)
                              /usr/lib/gcc/arm-none-eabi/8.3.1/../../../arm-none-eabi/lib/thumb/v6-m/nofp/libstdc++.a(functexcept.o) (__cxa_end_cleanup)
/usr/lib/gcc/arm-none-eabi/8.3.1/../../../arm-none-eabi/lib/thumb/v6-m/nofp/libstdc++.a(eh_alloc.o)
                              /usr/lib/gcc/arm-none-eabi/8.3.1/../../../arm-none-eabi/lib/thumb/v6-m/nofp/libstdc++.a(functexcept.o) (__cxa_allocate_exception)
/usr/lib/gcc/arm-none-eabi/8.3.1/../../../arm-none-eabi/lib/thumb/v6-m/nofp/libstdc++.a(class_type_info.o)
                              /usr/lib/gcc/arm-none-eabi/8.3.1/../../../arm-none-eabi/lib/thumb/v6-m/nofp/libstdc++.a(eh_exception.o) (vtable for __cxxabiv1::__class_type_info)
/usr/lib/gcc/arm-none-eabi/8.3.1/../../../arm-none-eabi/lib/thumb/v6-m/nofp/libstdc++.a(bad_typeid.o)
                              /usr/lib/gcc/arm-none-eabi/8.3.1/../../../arm-none-eabi/lib/thumb/v6-m/nofp/libstdc++.a(functexcept.o) (std::bad_typeid::~bad_typeid())
/usr/lib/gcc/arm-none-eabi/8.3.1/../../../arm-none-eabi/lib/thumb/v6-m/nofp/libstdc++.a(bad_cast.o)
                              /usr/lib/gcc/arm-none-eabi/8.3.1/../../../arm-none-eabi/lib/thumb/v6-m/nofp/libstdc++.a(functexcept.o) (std::bad_cast::~bad_cast())
/usr/lib/gcc/arm-none-eabi/8.3.1/../../../arm-none-eabi/lib/thumb/v6-m/nofp/libstdc++.a(bad_alloc.o)
                              /usr/lib/gcc/arm-none-eabi/8.3.1/../../../arm-none-eabi/lib/thumb/v6-m/nofp/libstdc++.a(functexcept.o) (std::bad_alloc::~bad_alloc())
/usr/lib/gcc/arm-none-eabi/8.3.1/../../../arm-none-eabi/lib/thumb/v6-m/nofp/libstdc++.a(stdexcept.o)
                              /usr/lib/gcc/arm-none-eabi/8.3.1/../../../arm-none-eabi/lib/thumb/v6-m/nofp/libstdc++.a(functexcept.o) (std::logic_error::~logic_error())
/usr/lib/gcc/arm-none-eabi/8.3.1/../../../arm-none-eabi/lib/thumb/v6-m/nofp/libstdc++.a(sso_string.o)
                              /usr/lib/gcc/arm-none-eabi/8.3.1/../../../arm-none-eabi/lib/thumb/v6-m/nofp/libstdc++.a(cow-stdexcept.o) (std::__sso_string::__sso_string(char const*, unsigned int))
/usr/lib/gcc/arm-none-eabi/8.3.1/../../../arm-none-eabi/lib/thumb/v6-m/nofp/libstdc++.a(cow-string-inst.o)
[...]
Memory Configuration

Name             Origin             Length             Attributes
FLASH            0x0000000010000000 0x0000000000200000 xr
RAM              0x0000000020000000 0x0000000000040000 xrw
SCRATCH_X        0x0000000020040000 0x0000000000001000 xrw
SCRATCH_Y        0x0000000020041000 0x0000000000001000 xrw
*default*        0x0000000000000000 0xffffffffffffffff

Linker script and memory map

LOAD /usr/lib/gcc/arm-none-eabi/8.3.1/thumb/v6-m/nofp/crti.o
LOAD /usr/lib/gcc/arm-none-eabi/8.3.1/thumb/v6-m/nofp/crtbegin.o
LOAD /usr/lib/gcc/arm-none-eabi/8.3.1/../../../arm-none-eabi/lib/thumb/v6-m/nofp/crt0.o

.flash_begin    0x0000000010000000        0x0
                0x0000000010000000                __flash_binary_start = .

.boot2          0x0000000010000000      0x100
                0x0000000010000000                __boot2_start__ = .
 *(.boot2)
 .boot2         0x0000000010000000      0x100 /tmp/cc9a4tjb.o
                0x0000000010000100                __boot2_end__ = .
                0x0000000000000001                ASSERT (((__boot2_end__ - __boot2_start__) == 0x100), ERROR: Pico second stage bootloader must be 256 bytes in size)

.text           0x0000000010000100     0xae60
                0x0000000010000100                __logical_binary_start = .
 *(.vectors)
 .vectors       0x0000000010000100       0xd4 CMakeFiles/PicoAPRSTracker.dir/home/pi/pico/pico-sdk/src/rp2_common/pico_standard_link/crt0.S.obj
                0x0000000010000100                __vectors
                0x0000000010000100                __VECTOR_TABLE
                0x00000000100001c0                isr_invalid
                0x00000000100001c0                __default_isrs_start
                0x00000000100001c2                isr_nmi
                0x00000000100001c4                isr_hardfault
                0x00000000100001c6                isr_svcall
                0x00000000100001c8                isr_pendsv
                0x00000000100001ca                isr_systick
                0x00000000100001cc                isr_irq30
                0x00000000100001cc                __unhandled_user_irq
                0x00000000100001cc                isr_irq13
                0x00000000100001cc                isr_irq27
                0x00000000100001cc                isr_irq31
                0x00000000100001cc                isr_irq5
                0x00000000100001cc                isr_irq11
                0x00000000100001cc                isr_irq23
                0x00000000100001cc                isr_irq18
                0x00000000100001cc                isr_irq28
                0x00000000100001cc                isr_irq19
                0x00000000100001cc                isr_irq0
                0x00000000100001cc                isr_irq6
                0x00000000100001cc                isr_irq22
                0x00000000100001cc                isr_irq17
                0x00000000100001cc                isr_irq14
                0x00000000100001cc                isr_irq2
                0x00000000100001cc                isr_irq10
                0x00000000100001cc                isr_irq8
                0x00000000100001cc                isr_irq24
                0x00000000100001cc                isr_irq1
                0x00000000100001cc                isr_irq7
                0x00000000100001cc                isr_irq21
                0x00000000100001cc                isr_irq20
                0x00000000100001cc                isr_irq15
                0x00000000100001cc                isr_irq25
                0x00000000100001cc                isr_irq4
                0x00000000100001cc                isr_irq16
                0x00000000100001cc                isr_irq29
                0x00000000100001cc                isr_irq26
                0x00000000100001cc                __default_isrs_end
                0x00000000100001cc                isr_irq3
                0x00000000100001cc                isr_irq12
                0x00000000100001cc                isr_irq9
                0x00000000100001d2                unhandled_user_irq_num_in_r0
 *(.binary_info_header)
 .binary_info_header
                0x00000000100001d4       0x14 CMakeFiles/PicoAPRSTracker.dir/home/pi/pico/pico-sdk/src/rp2_common/pico_standard_link/crt0.S.obj
                0x00000000100001e8                __binary_info_header_end = .
 *(.reset)
 .reset         0x00000000100001e8       0xa8 CMakeFiles/PicoAPRSTracker.dir/home/pi/pico/pico-sdk/src/rp2_common/pico_standard_link/crt0.S.obj
                0x00000000100001e8                _entry_point
                0x0000000010000266                __get_current_exception
 .reset         0x0000000010000290       0x30 CMakeFiles/PicoAPRSTracker.dir/home/pi/pico/pico-sdk/src/rp2_common/pico_standard_link/binary_info.c.obj
 *(.init)
 .init          0x00000000100002c0        0x4 /usr/lib/gcc/arm-none-eabi/8.3.1/thumb/v6-m/nofp/crti.o
                0x00000000100002c0                _init
 *(EXCLUDE_FILE(*libm.a: *libc.a:*lib_a-mem*.o *libgcc.a:) .text*)
 .text          0x00000000100002c4       0x98 /usr/lib/gcc/arm-none-eabi/8.3.1/thumb/v6-m/nofp/crtbegin.o
 .text._ZNKSt7__cxx1112basic_stringIcSt11char_traitsIcESaIcEE4findEPKcjj.constprop.51
                0x000000001000035c       0x78 CMakeFiles/PicoAPRSTracker.dir/PicoAPRSTracker.cpp.obj
 .text.startup._ZNSt7__cxx1112basic_stringIcSt11char_traitsIcESaIcEEC2IS3_EEPKcRKS3_.constprop.49
                0x00000000100003d4       0x58 CMakeFiles/PicoAPRSTracker.dir/PicoAPRSTracker.cpp.obj
 .text._Z4loopv
                0x000000001000042c      0x168 CMakeFiles/PicoAPRSTracker.dir/PicoAPRSTracker.cpp.obj
                0x000000001000042c                loop()
 .text.startup.main
                0x0000000010000594      0x194 CMakeFiles/PicoAPRSTracker.dir/PicoAPRSTracker.cpp.obj
                0x0000000010000594                main
 .text._ZNSt7__cxx1112basic_stringIcSt11char_traitsIcESaIcEE9_M_mutateEjjPKcj
                0x0000000010000728      0x100 CMakeFiles/PicoAPRSTracker.dir/PicoAPRSTracker.cpp.obj
                0x0000000010000728                std::__cxx11::basic_string<char, std::char_traits<char>, std::allocator<char> >::_M_mutate(unsigned int, unsigned int, char const*, unsigned int)
 .text._ZNSt6vectorINSt7__cxx1112basic_stringIcSt11char_traitsIcESaIcEEESaIS5_EE17_M_realloc_insertIJS5_EEEvN9__gnu_cxx17__normal_iteratorIPS5_S7_EEDpOT_
                0x0000000010000828      0x1d4 CMakeFiles/PicoAPRSTracker.dir/PicoAPRSTracker.cpp.obj
                0x0000000010000828                void std::vector<std::__cxx11::basic_string<char, std::char_traits<char>, std::allocator<char> >, std::allocator<std::__cxx11::basic_string<char, std::char_traits<char>, std::allocator<char> > > >::_M_realloc_insert<std::__cxx11::basic_string<char, std::char_traits<char>, std::allocator<char> > >(__gnu_cxx::__normal_iterator<std::__cxx11::basic_string<char, std::char_traits<char>, std::allocator<char> >*, std::vector<std::__cxx11::basic_string<char, std::char_traits<char>, std::allocator<char> >, std::allocator<std::__cxx11::basic_string<char, std::char_traits<char>, std::allocator<char> > > > >, std::__cxx11::basic_string<char, std::char_traits<char>, std::allocator<char> >&&)
 .text._Z13handleGPSDatav
                0x00000000100009fc      0xdc4 CMakeFiles/PicoAPRSTracker.dir/PicoAPRSTracker.cpp.obj
                0x00000000100009fc                handleGPSData()
 .text.startup._GLOBAL__sub_I_b_rtcUpdated
                0x00000000100017c0       0x9c CMakeFiles/PicoAPRSTracker.dir/PicoAPRSTracker.cpp.obj
 .text.gpio_set_function
                0x000000001000185c       0x30 CMakeFiles/PicoAPRSTracker.dir/home/pi/pico/pico-sdk/src/rp2_common/hardware_gpio/gpio.c.obj
                0x000000001000185c                gpio_set_function
 .text.hw_claim_or_assert
                0x000000001000188c       0x44 CMakeFiles/PicoAPRSTracker.dir/home/pi/pico/pico-sdk/src/rp2_common/hardware_claim/claim.c.obj
                0x000000001000188c                hw_claim_or_assert
 .text.hw_claim_unused_from_range
                0x00000000100018d0       0x9c CMakeFiles/PicoAPRSTracker.dir/home/pi/pico/pico-sdk/src/rp2_common/hardware_claim/claim.c.obj
                0x00000000100018d0                hw_claim_unused_from_range
 .text.running_on_fpga
                0x000000001000196c       0x10 CMakeFiles/PicoAPRSTracker.dir/home/pi/pico/pico-sdk/src/rp2_common/pico_platform/platform.c.obj
                0x000000001000196c                running_on_fpga
 .text.spin_locks_reset
                0x000000001000197c       0x1c CMakeFiles/PicoAPRSTracker.dir/home/pi/pico/pico-sdk/src/rp2_common/hardware_sync/sync.c.obj
                0x000000001000197c                spin_locks_reset
 .text.next_striped_spin_lock_num
                0x0000000010001998       0x18 CMakeFiles/PicoAPRSTracker.dir/home/pi/pico/pico-sdk/src/rp2_common/hardware_sync/sync.c.obj
                0x0000000010001998                next_striped_spin_lock_num
 .text.spin_lock_claim_unused
                0x00000000100019b0       0x20 CMakeFiles/PicoAPRSTracker.dir/home/pi/pico/pico-sdk/src/rp2_common/hardware_sync/sync.c.obj
                0x00000000100019b0                spin_lock_claim_unused
 .text.irq_set_enabled
                0x00000000100019d0       0x24 CMakeFiles/PicoAPRSTracker.dir/home/pi/pico/pico-sdk/src/rp2_common/hardware_irq/irq.c.obj
                0x00000000100019d0                irq_set_enabled
 .text.irq_is_enabled
                0x00000000100019f4       0x18 CMakeFiles/PicoAPRSTracker.dir/home/pi/pico/pico-sdk/src/rp2_common/hardware_irq/irq.c.obj
                0x00000000100019f4                irq_is_enabled
 .text.irq_set_pending
                0x0000000010001a0c       0x10 CMakeFiles/PicoAPRSTracker.dir/home/pi/pico/pico-sdk/src/rp2_common/hardware_irq/irq.c.obj
                0x0000000010001a0c                irq_set_pending
 .text.irq_has_shared_handler
                0x0000000010001a1c       0x2c CMakeFiles/PicoAPRSTracker.dir/home/pi/pico/pico-sdk/src/rp2_common/hardware_irq/irq.c.obj
                0x0000000010001a1c                irq_has_shared_handler
 .text.irq_get_vtable_handler
                0x0000000010001a48       0x10 CMakeFiles/PicoAPRSTracker.dir/home/pi/pico/pico-sdk/src/rp2_common/hardware_irq/irq.c.obj
                0x0000000010001a48                irq_get_vtable_handler
 .text.irq_set_exclusive_handler
                0x0000000010001a58       0x54 CMakeFiles/PicoAPRSTracker.dir/home/pi/pico/pico-sdk/src/rp2_common/hardware_irq/irq.c.obj
                0x0000000010001a58                irq_set_exclusive_handler
 .text.irq_add_shared_handler
                0x0000000010001aac      0x1c8 CMakeFiles/PicoAPRSTracker.dir/home/pi/pico/pico-sdk/src/rp2_common/hardware_irq/irq.c.obj
                0x0000000010001aac                irq_add_shared_handler
 .text.irq_remove_handler
                0x0000000010001c74      0x1b4 CMakeFiles/PicoAPRSTracker.dir/home/pi/pico/pico-sdk/src/rp2_common/hardware_irq/irq.c.obj
                0x0000000010001c74                irq_remove_handler
 .text.irq_add_tail_to_free_list
                0x0000000010001e28       0xb4 CMakeFiles/PicoAPRSTracker.dir/home/pi/pico/pico-sdk/src/rp2_common/hardware_irq/irq.c.obj
                0x0000000010001e28                irq_add_tail_to_free_list
 .text.irq_init_priorities
                0x0000000010001edc       0x24 CMakeFiles/PicoAPRSTracker.dir/home/pi/pico/pico-sdk/src/rp2_common/hardware_irq/irq.c.obj
                0x0000000010001edc                irq_init_priorities
 .text.user_irq_claim_unused
                0x0000000010001f00       0x30 CMakeFiles/PicoAPRSTracker.dir/home/pi/pico/pico-sdk/src/rp2_common/hardware_irq/irq.c.obj
                0x0000000010001f00                user_irq_claim_unused
 .text.lock_init
                0x0000000010001f30       0x10 CMakeFiles/PicoAPRSTracker.dir/home/pi/pico/pico-sdk/src/common/pico_sync/lock_core.c.obj
                0x0000000010001f30                lock_init
 .text.timer_pool_entry_comparator
                0x0000000010001f40       0x34 CMakeFiles/PicoAPRSTracker.dir/home/pi/pico/pico-sdk/src/common/pico_time/time.c.obj
                0x0000000010001f40                timer_pool_entry_comparator
 .text.sleep_until_callback
                0x0000000010001f74       0x30 CMakeFiles/PicoAPRSTracker.dir/home/pi/pico/pico-sdk/src/common/pico_time/time.c.obj
 .text.add_alarm_under_lock
                0x0000000010001fa4      0x114 CMakeFiles/PicoAPRSTracker.dir/home/pi/pico/pico-sdk/src/common/pico_time/time.c.obj
 .text.alarm_pool_alarm_callback
                0x00000000100020b8      0x1d0 CMakeFiles/PicoAPRSTracker.dir/home/pi/pico/pico-sdk/src/common/pico_time/time.c.obj
 .text.alarm_pool_init_default
                0x0000000010002288       0x64 CMakeFiles/PicoAPRSTracker.dir/home/pi/pico/pico-sdk/src/common/pico_time/time.c.obj
                0x0000000010002288                alarm_pool_init_default
 .text.alarm_pool_get_default
                0x00000000100022ec        0x8 CMakeFiles/PicoAPRSTracker.dir/home/pi/pico/pico-sdk/src/common/pico_time/time.c.obj
                0x00000000100022ec                alarm_pool_get_default
 .text.alarm_pool_add_alarm_at
                0x00000000100022f4      0x19c CMakeFiles/PicoAPRSTracker.dir/home/pi/pico/pico-sdk/src/common/pico_time/time.c.obj
                0x00000000100022f4                alarm_pool_add_alarm_at
 .text.alarm_pool_cancel_alarm
                0x0000000010002490       0x70 CMakeFiles/PicoAPRSTracker.dir/home/pi/pico/pico-sdk/src/common/pico_time/time.c.obj
                0x0000000010002490                alarm_pool_cancel_alarm
 .text.sleep_until
                0x0000000010002500       0xc4 CMakeFiles/PicoAPRSTracker.dir/home/pi/pico/pico-sdk/src/common/pico_time/time.c.obj
                0x0000000010002500                sleep_until
 .text.sleep_ms
                0x00000000100025c4       0x38 CMakeFiles/PicoAPRSTracker.dir/home/pi/pico/pico-sdk/src/common/pico_time/time.c.obj
                0x00000000100025c4                sleep_ms
 .text.best_effort_wfe_or_timeout
                0x00000000100025fc       0x58 CMakeFiles/PicoAPRSTracker.dir/home/pi/pico/pico-sdk/src/common/pico_time/time.c.obj
                0x00000000100025fc                best_effort_wfe_or_timeout
 .text.hardware_alarm_irq_handler
                0x0000000010002654       0xb0 CMakeFiles/PicoAPRSTracker.dir/home/pi/pico/pico-sdk/src/rp2_common/hardware_timer/timer.c.obj
 .text.hardware_alarm_claim
                0x0000000010002704       0x18 CMakeFiles/PicoAPRSTracker.dir/home/pi/pico/pico-sdk/src/rp2_common/hardware_timer/timer.c.obj
                0x0000000010002704                hardware_alarm_claim
 .text.time_us_64
                0x000000001000271c       0x18 CMakeFiles/PicoAPRSTracker.dir/home/pi/pico/pico-sdk/src/rp2_common/hardware_timer/timer.c.obj
                0x000000001000271c                time_us_64
 .text.busy_wait_until
                0x0000000010002734       0x20 CMakeFiles/PicoAPRSTracker.dir/home/pi/pico/pico-sdk/src/rp2_common/hardware_timer/timer.c.obj
                0x0000000010002734                busy_wait_until
 .text.hardware_alarm_set_callback
                0x0000000010002754       0x8c CMakeFiles/PicoAPRSTracker.dir/home/pi/pico/pico-sdk/src/rp2_common/hardware_timer/timer.c.obj
                0x0000000010002754                hardware_alarm_set_callback
 .text.hardware_alarm_set_target
                0x00000000100027e0       0xe8 CMakeFiles/PicoAPRSTracker.dir/home/pi/pico/pico-sdk/src/rp2_common/hardware_timer/timer.c.obj
                0x00000000100027e0                hardware_alarm_set_target
 .text.hardware_alarm_cancel
                0x00000000100028c8       0x40 CMakeFiles/PicoAPRSTracker.dir/home/pi/pico/pico-sdk/src/rp2_common/hardware_timer/timer.c.obj
                0x00000000100028c8                hardware_alarm_cancel
 .text.ph_merge_nodes
                0x0000000010002908       0x5c CMakeFiles/PicoAPRSTracker.dir/home/pi/pico/pico-sdk/src/common/pico_util/pheap.c.obj
 .text.ph_post_alloc_init
                0x0000000010002964      0x1b8 CMakeFiles/PicoAPRSTracker.dir/home/pi/pico/pico-sdk/src/common/pico_util/pheap.c.obj
                0x0000000010002964                ph_post_alloc_init
 .text.ph_merge_two_pass
                0x0000000010002b1c       0x4c CMakeFiles/PicoAPRSTracker.dir/home/pi/pico/pico-sdk/src/common/pico_util/pheap.c.obj
                0x0000000010002b1c                ph_merge_two_pass
 .text.ph_remove_any_head
                0x0000000010002b68      0x1b8 CMakeFiles/PicoAPRSTracker.dir/home/pi/pico/pico-sdk/src/common/pico_util/pheap.c.obj
 .text.ph_remove_head
                0x0000000010002d20      0x1bc CMakeFiles/PicoAPRSTracker.dir/home/pi/pico/pico-sdk/src/common/pico_util/pheap.c.obj
                0x0000000010002d20                ph_remove_head
 .text.ph_remove_and_free_node
                0x0000000010002edc       0x7c CMakeFiles/PicoAPRSTracker.dir/home/pi/pico/pico-sdk/src/common/pico_util/pheap.c.obj
                0x0000000010002edc                ph_remove_and_free_node
 .text.mutex_init
                0x0000000010002f58       0x1c CMakeFiles/PicoAPRSTracker.dir/home/pi/pico/pico-sdk/src/common/pico_sync/mutex.c.obj
                0x0000000010002f58                mutex_init
 .text.recursive_mutex_init
                0x0000000010002f74       0x1c CMakeFiles/PicoAPRSTracker.dir/home/pi/pico/pico-sdk/src/common/pico_sync/mutex.c.obj
                0x0000000010002f74                recursive_mutex_init
 .text.critical_section_init
                0x0000000010002f90       0x20 CMakeFiles/PicoAPRSTracker.dir/home/pi/pico/pico-sdk/src/common/pico_sync/critical_section.c.obj
                0x0000000010002f90                critical_section_init
 .text.uart_init
                0x0000000010002fb0       0xe4 CMakeFiles/PicoAPRSTracker.dir/home/pi/pico/pico-sdk/src/rp2_common/hardware_uart/uart.c.obj
                0x0000000010002fb0                uart_init
 .text.uart_set_translate_crlf
                0x0000000010003094       0x28 CMakeFiles/PicoAPRSTracker.dir/home/pi/pico/pico-sdk/src/rp2_common/hardware_uart/uart.c.obj
                0x0000000010003094                uart_set_translate_crlf
 .text.runtime_init
                0x00000000100030bc       0xf4 CMakeFiles/PicoAPRSTracker.dir/home/pi/pico/pico-sdk/src/rp2_common/pico_runtime/runtime.c.obj
                0x00000000100030bc                runtime_init
 .text._exit    0x00000000100031b0        0x4 CMakeFiles/PicoAPRSTracker.dir/home/pi/pico/pico-sdk/src/rp2_common/pico_runtime/runtime.c.obj
                0x00000000100031b0                _exit
 .text._sbrk    0x00000000100031b4       0x34 CMakeFiles/PicoAPRSTracker.dir/home/pi/pico/pico-sdk/src/rp2_common/pico_runtime/runtime.c.obj
                0x00000000100031b4                _sbrk
 .text.exit     0x00000000100031e8        0x4 CMakeFiles/PicoAPRSTracker.dir/home/pi/pico/pico-sdk/src/rp2_common/pico_runtime/runtime.c.obj
                0x00000000100031e8                exit
 .text.panic    0x00000000100031ec       0x30 CMakeFiles/PicoAPRSTracker.dir/home/pi/pico/pico-sdk/src/rp2_common/pico_runtime/runtime.c.obj
                0x00000000100031ec                panic
 .text.hard_assertion_failure
                0x000000001000321c        0xc CMakeFiles/PicoAPRSTracker.dir/home/pi/pico/pico-sdk/src/rp2_common/pico_runtime/runtime.c.obj
                0x000000001000321c                hard_assertion_failure
 .text.clocks_init
                0x0000000010003228      0x2c0 CMakeFiles/PicoAPRSTracker.dir/home/pi/pico/pico-sdk/src/rp2_common/hardware_clocks/clocks.c.obj
                0x0000000010003228                clocks_init
 .text.clock_get_hz
                0x00000000100034e8        0xc CMakeFiles/PicoAPRSTracker.dir/home/pi/pico/pico-sdk/src/rp2_common/hardware_clocks/clocks.c.obj
                0x00000000100034e8                clock_get_hz
 .text.pll_init
                0x00000000100034f4       0xa8 CMakeFiles/PicoAPRSTracker.dir/home/pi/pico/pico-sdk/src/rp2_common/hardware_pll/pll.c.obj
                0x00000000100034f4                pll_init
 .text.watchdog_start_tick
                0x000000001000359c       0x10 CMakeFiles/PicoAPRSTracker.dir/home/pi/pico/pico-sdk/src/rp2_common/hardware_watchdog/watchdog.c.obj
                0x000000001000359c                watchdog_start_tick
 .text.watchdog_reboot
                0x00000000100035ac       0x98 CMakeFiles/PicoAPRSTracker.dir/home/pi/pico/pico-sdk/src/rp2_common/hardware_watchdog/watchdog.c.obj
                0x00000000100035ac                watchdog_reboot
 .text.xosc_init
                0x0000000010003644       0x28 CMakeFiles/PicoAPRSTracker.dir/home/pi/pico/pico-sdk/src/rp2_common/hardware_xosc/xosc.c.obj
                0x0000000010003644                xosc_init
 .text._out_null
                0x000000001000366c        0x4 CMakeFiles/PicoAPRSTracker.dir/home/pi/pico/pico-sdk/src/rp2_common/pico_printf/printf.c.obj
 .text._out_rev
                0x0000000010003670       0x9c CMakeFiles/PicoAPRSTracker.dir/home/pi/pico/pico-sdk/src/rp2_common/pico_printf/printf.c.obj
 .text._ntoa_format
                0x000000001000370c      0x1c8 CMakeFiles/PicoAPRSTracker.dir/home/pi/pico/pico-sdk/src/rp2_common/pico_printf/printf.c.obj
 .text._out_char
                0x00000000100038d4       0x10 CMakeFiles/PicoAPRSTracker.dir/home/pi/pico/pico-sdk/src/rp2_common/pico_printf/printf.c.obj
 .text._out_fct
                0x00000000100038e4       0x10 CMakeFiles/PicoAPRSTracker.dir/home/pi/pico/pico-sdk/src/rp2_common/pico_printf/printf.c.obj
 .text._etoa    0x00000000100038f4      0x45c CMakeFiles/PicoAPRSTracker.dir/home/pi/pico/pico-sdk/src/rp2_common/pico_printf/printf.c.obj
 .text._ftoa    0x0000000010003d50      0x4c0 CMakeFiles/PicoAPRSTracker.dir/home/pi/pico/pico-sdk/src/rp2_common/pico_printf/printf.c.obj
 .text._vsnprintf
                0x0000000010004210      0xad0 CMakeFiles/PicoAPRSTracker.dir/home/pi/pico/pico-sdk/src/rp2_common/pico_printf/printf.c.obj
 .text.vfctprintf
                0x0000000010004ce0       0x20 CMakeFiles/PicoAPRSTracker.dir/home/pi/pico/pico-sdk/src/rp2_common/pico_printf/printf.c.obj
                0x0000000010004ce0                vfctprintf
 .text.weak_raw_vprintf
                0x0000000010004d00       0x30 CMakeFiles/PicoAPRSTracker.dir/home/pi/pico/pico-sdk/src/rp2_common/pico_printf/printf.c.obj
                0x0000000010004d00                weak_raw_vprintf
 .text          0x0000000010004d30       0x10 CMakeFiles/PicoAPRSTracker.dir/home/pi/pico/pico-sdk/src/rp2_common/pico_bit_ops/bit_ops_aeabi.S.obj
 .text.rom_func_lookup
                0x0000000010004d40       0x10 CMakeFiles/PicoAPRSTracker.dir/home/pi/pico/pico-sdk/src/rp2_common/pico_bootrom/bootrom.c.obj
                0x0000000010004d40                rom_func_lookup
 .text.rom_data_lookup
                0x0000000010004d50       0x10 CMakeFiles/PicoAPRSTracker.dir/home/pi/pico/pico-sdk/src/rp2_common/pico_bootrom/bootrom.c.obj
                0x0000000010004d50                rom_data_lookup
 .text.rom_funcs_lookup
                0x0000000010004d60       0x3c CMakeFiles/PicoAPRSTracker.dir/home/pi/pico/pico-sdk/src/rp2_common/pico_bootrom/bootrom.c.obj
                0x0000000010004d60                rom_funcs_lookup
 .text.__wrap___aeabi_idiv
                0x0000000010004d9c       0x50 CMakeFiles/PicoAPRSTracker.dir/home/pi/pico/pico-sdk/src/rp2_common/pico_divider/divider.S.obj
                0x0000000010004d9c                __wrap___aeabi_idivmod
                0x0000000010004d9c                divmod_s32s32
                0x0000000010004d9c                div_s32s32
                0x0000000010004d9c                __wrap___aeabi_idiv
                0x0000000010004da4                divmod_s32s32_unsafe
                0x0000000010004dd0                divmod_s32s32_savestate
 .text.__wrap___aeabi_uidiv
                0x0000000010004dec       0x4c CMakeFiles/PicoAPRSTracker.dir/home/pi/pico/pico-sdk/src/rp2_common/pico_divider/divider.S.obj
                0x0000000010004dec                __wrap___aeabi_uidiv
                0x0000000010004dec                __wrap___aeabi_uidivmod
                0x0000000010004dec                div_u32u32
                0x0000000010004dec                divmod_u32u32
                0x0000000010004df4                divmod_u32u32_unsafe
                0x0000000010004e1c                divmod_u32u32_savestate
 .text.__wrap___aeabi_ldiv
                0x0000000010004e38      0x434 CMakeFiles/PicoAPRSTracker.dir/home/pi/pico/pico-sdk/src/rp2_common/pico_divider/divider.S.obj
                0x0000000010004e38                div_s64s64
                0x0000000010004e38                divmod_s64s64
                0x0000000010004e38                __wrap___aeabi_ldivmod
                0x0000000010004e70                div_u64u64
                0x0000000010004e70                divmod_u64u64
                0x0000000010004e70                __wrap___aeabi_uldivmod
                0x0000000010004e80                divmod_u64u64_savestate
                0x0000000010004ea8                divmod_s64s64_unsafe
                0x0000000010004f30                divmod_u64u64_unsafe
 .text.__wrap___aeabi_darithmetic
                0x000000001000526c       0x80 CMakeFiles/PicoAPRSTracker.dir/home/pi/pico/pico-sdk/src/rp2_common/pico_double/double_aeabi.S.obj
                0x000000001000526c                __wrap___aeabi_drsub
                0x0000000010005272                __wrap___aeabi_dsub
                0x0000000010005284                __wrap___aeabi_dadd
                0x0000000010005296                __wrap___aeabi_ddiv
                0x00000000100052d2                __wrap___aeabi_dmul
 .text.__wrap___aeabi_cdcmple
                0x00000000100052ec       0x6c CMakeFiles/PicoAPRSTracker.dir/home/pi/pico/pico-sdk/src/rp2_common/pico_double/double_aeabi.S.obj
                0x00000000100052ec                __wrap___aeabi_cdrcmple
                0x00000000100052fc                __wrap___aeabi_cdcmple
                0x00000000100052fc                __wrap___aeabi_cdcmpeq
 .text.__wrap___aeabi_dcmplt
                0x0000000010005358        0xc CMakeFiles/PicoAPRSTracker.dir/home/pi/pico/pico-sdk/src/rp2_common/pico_double/double_aeabi.S.obj
                0x0000000010005358                __wrap___aeabi_dcmplt
 .text.__wrap___aeabi_dcmpge
                0x0000000010005364       0x10 CMakeFiles/PicoAPRSTracker.dir/home/pi/pico/pico-sdk/src/rp2_common/pico_double/double_aeabi.S.obj
                0x0000000010005364                __wrap___aeabi_dcmpge
 .text.__wrap___aeabi_dcmpgt
                0x0000000010005374        0xa CMakeFiles/PicoAPRSTracker.dir/home/pi/pico/pico-sdk/src/rp2_common/pico_double/double_aeabi.S.obj
                0x0000000010005374                __wrap___aeabi_dcmpgt
 .text.__wrap___aeabi_dcmpun
                0x000000001000537e       0x1c CMakeFiles/PicoAPRSTracker.dir/home/pi/pico/pico-sdk/src/rp2_common/pico_double/double_aeabi.S.obj
                0x000000001000537e                __wrap___aeabi_dcmpun
 *fill*         0x000000001000539a        0x2 
 .text.__wrap___aeabi_i2d
                0x000000001000539c       0x38 CMakeFiles/PicoAPRSTracker.dir/home/pi/pico/pico-sdk/src/rp2_common/pico_double/double_aeabi.S.obj
                0x000000001000539c                __wrap___aeabi_ui2d
                0x00000000100053a4                __wrap___aeabi_i2d
 .text.__wrap___aeabi_d2iz
                0x00000000100053d4       0x48 CMakeFiles/PicoAPRSTracker.dir/home/pi/pico/pico-sdk/src/rp2_common/pico_double/double_aeabi.S.obj
                0x00000000100053d4                __wrap___aeabi_d2iz
                0x00000000100053d4                double2int_z
 .text.__wrap___aeabi_d2uiz
                0x000000001000541c       0x18 CMakeFiles/PicoAPRSTracker.dir/home/pi/pico/pico-sdk/src/rp2_common/pico_double/double_aeabi.S.obj
                0x000000001000541c                double2uint
                0x000000001000541c                __wrap___aeabi_d2uiz
 .text.__aeabi_double_init
                0x0000000010005434       0xbc CMakeFiles/PicoAPRSTracker.dir/home/pi/pico/pico-sdk/src/rp2_common/pico_double/double_init_rom.c.obj
                0x0000000010005434                __aeabi_double_init
 .text.double_table_shim_on_use_helper
                0x00000000100054f0       0x2c CMakeFiles/PicoAPRSTracker.dir/home/pi/pico/pico-sdk/src/rp2_common/pico_double/double_v1_rom_shim.S.obj
                0x00000000100054f0                double_table_shim_on_use_helper
 .text.__wrap___aeabi_dsub
                0x000000001000551c       0x10 CMakeFiles/PicoAPRSTracker.dir/home/pi/pico/pico-sdk/src/rp2_common/pico_double/double_v1_rom_shim.S.obj
                0x000000001000551c                drsub_shim
                0x0000000010005522                dsub_shim
 .text.dadd_shim
                0x000000001000552c      0x15c CMakeFiles/PicoAPRSTracker.dir/home/pi/pico/pico-sdk/src/rp2_common/pico_double/double_v1_rom_shim.S.obj
                0x000000001000552c                dadd_shim
 .text.dmul_shim
                0x0000000010005688      0x15c CMakeFiles/PicoAPRSTracker.dir/home/pi/pico/pico-sdk/src/rp2_common/pico_double/double_v1_rom_shim.S.obj
                0x0000000010005688                dmul_shim
 .text.ddiv_shim
                0x00000000100057e4      0x1b0 CMakeFiles/PicoAPRSTracker.dir/home/pi/pico/pico-sdk/src/rp2_common/pico_double/double_v1_rom_shim.S.obj
                0x00000000100057e4                ddiv_shim
 .text.double2uint_shim
                0x0000000010005994        0xe CMakeFiles/PicoAPRSTracker.dir/home/pi/pico/pico-sdk/src/rp2_common/pico_double/double_v1_rom_shim.S.obj
                0x0000000010005994                double2uint_shim
                0x0000000010005996                double2ufix_shim
 *fill*         0x00000000100059a2        0x2 
 .text.double2uint64_shim
                0x00000000100059a4       0x70 CMakeFiles/PicoAPRSTracker.dir/home/pi/pico/pico-sdk/src/rp2_common/pico_double/double_v1_rom_shim.S.obj
                0x00000000100059a4                double2uint64_shim
                0x00000000100059a6                double2ufix64_shim
                0x00000000100059c6                d2fix_a
 .text.dunpacks
                0x0000000010005a14       0x3c CMakeFiles/PicoAPRSTracker.dir/home/pi/pico/pico-sdk/src/rp2_common/pico_double/double_v1_rom_shim.S.obj
                0x0000000010005a14                dunpacks
 .text.__aeabi_lmul
                0x0000000010005a50       0x32 CMakeFiles/PicoAPRSTracker.dir/home/pi/pico/pico-sdk/src/rp2_common/pico_int64_ops/pico_int64_ops_aeabi.S.obj
                0x0000000010005a50                __wrap___aeabi_lmul
 *fill*         0x0000000010005a82        0x2 
 .text.__aeabi_float_init
                0x0000000010005a84       0x68 CMakeFiles/PicoAPRSTracker.dir/home/pi/pico/pico-sdk/src/rp2_common/pico_float/float_init_rom.c.obj
                0x0000000010005a84                __aeabi_float_init
 .text.float_table_shim_on_use_helper
                0x0000000010005aec       0x2c CMakeFiles/PicoAPRSTracker.dir/home/pi/pico/pico-sdk/src/rp2_common/pico_float/float_v1_rom_shim.S.obj
                0x0000000010005aec                float_table_shim_on_use_helper
 .text.__wrap_malloc
                0x0000000010005b18       0x3c CMakeFiles/PicoAPRSTracker.dir/home/pi/pico/pico-sdk/src/rp2_common/pico_malloc/pico_malloc.c.obj
                0x0000000010005b18                __wrap_malloc
 .text.__wrap_free
                0x0000000010005b54       0x20 CMakeFiles/PicoAPRSTracker.dir/home/pi/pico/pico-sdk/src/rp2_common/pico_malloc/pico_malloc.c.obj
                0x0000000010005b54                __wrap_free
 .text          0x0000000010005b74       0x10 CMakeFiles/PicoAPRSTracker.dir/home/pi/pico/pico-sdk/src/rp2_common/pico_mem_ops/mem_ops_aeabi.S.obj
                0x0000000010005b74                __aeabi_mem_init
 .text.memset   0x0000000010005b84        0xc CMakeFiles/PicoAPRSTracker.dir/home/pi/pico/pico-sdk/src/rp2_common/pico_mem_ops/mem_ops_aeabi.S.obj
                0x0000000010005b84                __wrap_memset
 .text.memcpy   0x0000000010005b90        0xc CMakeFiles/PicoAPRSTracker.dir/home/pi/pico/pico-sdk/src/rp2_common/pico_mem_ops/mem_ops_aeabi.S.obj
                0x0000000010005b90                __wrap___aeabi_memcpy
                0x0000000010005b90                __wrap_memcpy
 .text._Znwj    0x0000000010005b9c        0x8 CMakeFiles/PicoAPRSTracker.dir/home/pi/pico/pico-sdk/src/rp2_common/pico_standard_link/new_delete.cpp.obj
                0x0000000010005b9c                operator new(unsigned int)
 .text._ZdlPv   0x0000000010005ba4        0x8 CMakeFiles/PicoAPRSTracker.dir/home/pi/pico/pico-sdk/src/rp2_common/pico_standard_link/new_delete.cpp.obj
                0x0000000010005ba4                operator delete(void*)
 .text._ZdlPvj  0x0000000010005bac        0x8 CMakeFiles/PicoAPRSTracker.dir/home/pi/pico/pico-sdk/src/rp2_common/pico_standard_link/new_delete.cpp.obj
                0x0000000010005bac                operator delete(void*, unsigned int)
 .text.stdio_out_chars_no_crlf
                0x0000000010005bb4       0x10 CMakeFiles/PicoAPRSTracker.dir/home/pi/pico/pico-sdk/src/rp2_common/pico_stdio/stdio.c.obj
 .text.stdio_out_chars_crlf
                0x0000000010005bc4       0xac CMakeFiles/PicoAPRSTracker.dir/home/pi/pico/pico-sdk/src/rp2_common/pico_stdio/stdio.c.obj
 .text.stdio_stack_buffer_flush.part.1
                0x0000000010005c70       0xe8 CMakeFiles/PicoAPRSTracker.dir/home/pi/pico/pico-sdk/src/rp2_common/pico_stdio/stdio.c.obj
 .text.stdio_buffered_printer
                0x0000000010005d58       0x20 CMakeFiles/PicoAPRSTracker.dir/home/pi/pico/pico-sdk/src/rp2_common/pico_stdio/stdio.c.obj
 .text.stdio_put_string
                0x0000000010005d78       0xf8 CMakeFiles/PicoAPRSTracker.dir/home/pi/pico/pico-sdk/src/rp2_common/pico_stdio/stdio.c.obj
 .text.__wrap_putchar
                0x0000000010005e70       0xa4 CMakeFiles/PicoAPRSTracker.dir/home/pi/pico/pico-sdk/src/rp2_common/pico_stdio/stdio.c.obj
                0x0000000010005e70                __wrap_putchar
 .text.__wrap_puts
                0x0000000010005f14       0x3c CMakeFiles/PicoAPRSTracker.dir/home/pi/pico/pico-sdk/src/rp2_common/pico_stdio/stdio.c.obj
                0x0000000010005f14                __wrap_puts
 .text.stdio_set_driver_enabled
                0x0000000010005f50       0x30 CMakeFiles/PicoAPRSTracker.dir/home/pi/pico/pico-sdk/src/rp2_common/pico_stdio/stdio.c.obj
                0x0000000010005f50                stdio_set_driver_enabled
 .text.__wrap_vprintf
                0x0000000010005f80       0x98 CMakeFiles/PicoAPRSTracker.dir/home/pi/pico/pico-sdk/src/rp2_common/pico_stdio/stdio.c.obj
                0x0000000010005f80                __wrap_vprintf
 .text.__wrap_printf
                0x0000000010006018       0x18 CMakeFiles/PicoAPRSTracker.dir/home/pi/pico/pico-sdk/src/rp2_common/pico_stdio/stdio.c.obj
                0x0000000010006018                __wrap_printf
 .text.stdio_init_all
                0x0000000010006030        0x8 CMakeFiles/PicoAPRSTracker.dir/home/pi/pico/pico-sdk/src/rp2_common/pico_stdio/stdio.c.obj
                0x0000000010006030                stdio_init_all
 .text.resetd_init
                0x0000000010006038        0x4 CMakeFiles/PicoAPRSTracker.dir/home/pi/pico/pico-sdk/src/rp2_common/pico_stdio_usb/reset_interface.c.obj
 .text.resetd_reset
                0x000000001000603c        0xc CMakeFiles/PicoAPRSTracker.dir/home/pi/pico/pico-sdk/src/rp2_common/pico_stdio_usb/reset_interface.c.obj
 .text.resetd_open
                0x0000000010006048       0x28 CMakeFiles/PicoAPRSTracker.dir/home/pi/pico/pico-sdk/src/rp2_common/pico_stdio_usb/reset_interface.c.obj
 .text.resetd_xfer_cb
                0x0000000010006070        0x4 CMakeFiles/PicoAPRSTracker.dir/home/pi/pico/pico-sdk/src/rp2_common/pico_stdio_usb/reset_interface.c.obj
 .text.resetd_control_xfer_cb
                0x0000000010006074       0x64 CMakeFiles/PicoAPRSTracker.dir/home/pi/pico/pico-sdk/src/rp2_common/pico_stdio_usb/reset_interface.c.obj
 .text.usbd_app_driver_get_cb
                0x00000000100060d8        0xc CMakeFiles/PicoAPRSTracker.dir/home/pi/pico/pico-sdk/src/rp2_common/pico_stdio_usb/reset_interface.c.obj
                0x00000000100060d8                usbd_app_driver_get_cb
 .text.tud_cdc_line_coding_cb
                0x00000000100060e4       0x34 CMakeFiles/PicoAPRSTracker.dir/home/pi/pico/pico-sdk/src/rp2_common/pico_stdio_usb/reset_interface.c.obj
                0x00000000100060e4                tud_cdc_line_coding_cb
 .text.stdio_usb_in_chars
                0x0000000010006118       0x68 CMakeFiles/PicoAPRSTracker.dir/home/pi/pico/pico-sdk/src/rp2_common/pico_stdio_usb/stdio_usb.c.obj
                0x0000000010006118                stdio_usb_in_chars
 .text.stdio_usb_out_chars
                0x0000000010006180       0xf0 CMakeFiles/PicoAPRSTracker.dir/home/pi/pico/pico-sdk/src/rp2_common/pico_stdio_usb/stdio_usb.c.obj
 .text.timer_task
                0x0000000010006270       0x18 CMakeFiles/PicoAPRSTracker.dir/home/pi/pico/pico-sdk/src/rp2_common/pico_stdio_usb/stdio_usb.c.obj
 .text.usb_irq  0x0000000010006288       0x10 CMakeFiles/PicoAPRSTracker.dir/home/pi/pico/pico-sdk/src/rp2_common/pico_stdio_usb/stdio_usb.c.obj
 .text.low_priority_worker_irq
                0x0000000010006298       0x24 CMakeFiles/PicoAPRSTracker.dir/home/pi/pico/pico-sdk/src/rp2_common/pico_stdio_usb/stdio_usb.c.obj
 .text.stdio_usb_init
                0x00000000100062bc       0xac CMakeFiles/PicoAPRSTracker.dir/home/pi/pico/pico-sdk/src/rp2_common/pico_stdio_usb/stdio_usb.c.obj
                0x00000000100062bc                stdio_usb_init
 .text.stdio_usb_connected
                0x0000000010006368        0xc CMakeFiles/PicoAPRSTracker.dir/home/pi/pico/pico-sdk/src/rp2_common/pico_stdio_usb/stdio_usb.c.obj
                0x0000000010006368                stdio_usb_connected
 .text.tud_descriptor_device_cb
                0x0000000010006374        0x8 CMakeFiles/PicoAPRSTracker.dir/home/pi/pico/pico-sdk/src/rp2_common/pico_stdio_usb/stdio_usb_descriptors.c.obj
                0x0000000010006374                tud_descriptor_device_cb
 .text.tud_descriptor_configuration_cb
                0x000000001000637c        0x8 CMakeFiles/PicoAPRSTracker.dir/home/pi/pico/pico-sdk/src/rp2_common/pico_stdio_usb/stdio_usb_descriptors.c.obj
                0x000000001000637c                tud_descriptor_configuration_cb
 .text.tud_descriptor_string_cb
                0x0000000010006384       0x70 CMakeFiles/PicoAPRSTracker.dir/home/pi/pico/pico-sdk/src/rp2_common/pico_stdio_usb/stdio_usb_descriptors.c.obj
                0x0000000010006384                tud_descriptor_string_cb
 .text.dcd_rp2040_irq
                0x00000000100063f4      0x21c CMakeFiles/PicoAPRSTracker.dir/home/pi/pico/pico-sdk/lib/tinyusb/src/portable/raspberrypi/rp2040/dcd_rp2040.c.obj
 .text.dcd_int_enable
                0x0000000010006610        0xc CMakeFiles/PicoAPRSTracker.dir/home/pi/pico/pico-sdk/lib/tinyusb/src/portable/raspberrypi/rp2040/dcd_rp2040.c.obj
                0x0000000010006610                dcd_int_enable
 .text.dcd_set_address
                0x000000001000661c       0x14 CMakeFiles/PicoAPRSTracker.dir/home/pi/pico/pico-sdk/lib/tinyusb/src/portable/raspberrypi/rp2040/dcd_rp2040.c.obj
                0x000000001000661c                dcd_set_address
 .text.dcd_connect
                0x0000000010006630       0x10 CMakeFiles/PicoAPRSTracker.dir/home/pi/pico/pico-sdk/lib/tinyusb/src/portable/raspberrypi/rp2040/dcd_rp2040.c.obj
                0x0000000010006630                dcd_connect
 .text.dcd_init
                0x0000000010006640      0x144 CMakeFiles/PicoAPRSTracker.dir/home/pi/pico/pico-sdk/lib/tinyusb/src/portable/raspberrypi/rp2040/dcd_rp2040.c.obj
                0x0000000010006640                dcd_init
 .text.dcd_edpt0_status_complete
                0x0000000010006784       0x1c CMakeFiles/PicoAPRSTracker.dir/home/pi/pico/pico-sdk/lib/tinyusb/src/portable/raspberrypi/rp2040/dcd_rp2040.c.obj
                0x0000000010006784                dcd_edpt0_status_complete
 .text.dcd_edpt_open
                0x00000000100067a0       0xe4 CMakeFiles/PicoAPRSTracker.dir/home/pi/pico/pico-sdk/lib/tinyusb/src/portable/raspberrypi/rp2040/dcd_rp2040.c.obj
                0x00000000100067a0                dcd_edpt_open
 .text.dcd_edpt_close_all
                0x0000000010006884       0xbc CMakeFiles/PicoAPRSTracker.dir/home/pi/pico/pico-sdk/lib/tinyusb/src/portable/raspberrypi/rp2040/dcd_rp2040.c.obj
                0x0000000010006884                dcd_edpt_close_all
 .text.dcd_edpt_xfer
                0x0000000010006940       0x24 CMakeFiles/PicoAPRSTracker.dir/home/pi/pico/pico-sdk/lib/tinyusb/src/portable/raspberrypi/rp2040/dcd_rp2040.c.obj
                0x0000000010006940                dcd_edpt_xfer
 .text.dcd_edpt_stall
                0x0000000010006964       0x34 CMakeFiles/PicoAPRSTracker.dir/home/pi/pico/pico-sdk/lib/tinyusb/src/portable/raspberrypi/rp2040/dcd_rp2040.c.obj
                0x0000000010006964                dcd_edpt_stall
 .text.dcd_edpt_clear_stall
                0x0000000010006998       0x2c CMakeFiles/PicoAPRSTracker.dir/home/pi/pico/pico-sdk/lib/tinyusb/src/portable/raspberrypi/rp2040/dcd_rp2040.c.obj
                0x0000000010006998                dcd_edpt_clear_stall
 .text._hw_endpoint_buffer_control_update32.part.2
                0x00000000100069c4       0x20 CMakeFiles/PicoAPRSTracker.dir/home/pi/pico/pico-sdk/lib/tinyusb/src/portable/raspberrypi/rp2040/rp2040_usb.c.obj
 .text.rp2040_usb_init
                0x00000000100069e4       0x4c CMakeFiles/PicoAPRSTracker.dir/home/pi/pico/pico-sdk/lib/tinyusb/src/portable/raspberrypi/rp2040/rp2040_usb.c.obj
                0x00000000100069e4                rp2040_usb_init
 .text.hw_endpoint_reset_transfer
                0x0000000010006a30        0xc CMakeFiles/PicoAPRSTracker.dir/home/pi/pico/pico-sdk/lib/tinyusb/src/portable/raspberrypi/rp2040/rp2040_usb.c.obj
                0x0000000010006a30                hw_endpoint_reset_transfer
 .text._hw_endpoint_buffer_control_update32
                0x0000000010006a3c       0x40 CMakeFiles/PicoAPRSTracker.dir/home/pi/pico/pico-sdk/lib/tinyusb/src/portable/raspberrypi/rp2040/rp2040_usb.c.obj
                0x0000000010006a3c                _hw_endpoint_buffer_control_update32
 .text.hw_endpoint_xfer_start
                0x0000000010006a7c      0x138 CMakeFiles/PicoAPRSTracker.dir/home/pi/pico/pico-sdk/lib/tinyusb/src/portable/raspberrypi/rp2040/rp2040_usb.c.obj
                0x0000000010006a7c                hw_endpoint_xfer_start
 .text.hw_endpoint_xfer_continue
                0x0000000010006bb4      0x1e0 CMakeFiles/PicoAPRSTracker.dir/home/pi/pico/pico-sdk/lib/tinyusb/src/portable/raspberrypi/rp2040/rp2040_usb.c.obj
                0x0000000010006bb4                hw_endpoint_xfer_continue
 .text.tud_mounted
                0x0000000010006d94       0x10 CMakeFiles/PicoAPRSTracker.dir/home/pi/pico/pico-sdk/lib/tinyusb/src/device/usbd.c.obj
                0x0000000010006d94                tud_mounted
 .text.tud_suspended
                0x0000000010006da4       0x10 CMakeFiles/PicoAPRSTracker.dir/home/pi/pico/pico-sdk/lib/tinyusb/src/device/usbd.c.obj
                0x0000000010006da4                tud_suspended
 .text.tud_inited
                0x0000000010006db4        0xc CMakeFiles/PicoAPRSTracker.dir/home/pi/pico/pico-sdk/lib/tinyusb/src/device/usbd.c.obj
                0x0000000010006db4                tud_inited
 .text.tud_init
                0x0000000010006dc0       0xd4 CMakeFiles/PicoAPRSTracker.dir/home/pi/pico/pico-sdk/lib/tinyusb/src/device/usbd.c.obj
                0x0000000010006dc0                tud_init
 .text.tud_task
                0x0000000010006e94      0x928 CMakeFiles/PicoAPRSTracker.dir/home/pi/pico/pico-sdk/lib/tinyusb/src/device/usbd.c.obj
                0x0000000010006e94                tud_task
 .text.dcd_event_bus_signal
                0x00000000100077bc      0x124 CMakeFiles/PicoAPRSTracker.dir/home/pi/pico/pico-sdk/lib/tinyusb/src/device/usbd.c.obj
                0x00000000100077bc                dcd_event_bus_signal
 .text.dcd_event_bus_reset
                0x00000000100078e0       0x58 CMakeFiles/PicoAPRSTracker.dir/home/pi/pico/pico-sdk/lib/tinyusb/src/device/usbd.c.obj
                0x00000000100078e0                dcd_event_bus_reset
 .text.dcd_event_setup_received
                0x0000000010007938       0x50 CMakeFiles/PicoAPRSTracker.dir/home/pi/pico/pico-sdk/lib/tinyusb/src/device/usbd.c.obj
                0x0000000010007938                dcd_event_setup_received
 .text.dcd_event_xfer_complete
                0x0000000010007988       0x68 CMakeFiles/PicoAPRSTracker.dir/home/pi/pico/pico-sdk/lib/tinyusb/src/device/usbd.c.obj
                0x0000000010007988                dcd_event_xfer_complete
 .text.usbd_open_edpt_pair
                0x00000000100079f0       0x9c CMakeFiles/PicoAPRSTracker.dir/home/pi/pico/pico-sdk/lib/tinyusb/src/device/usbd.c.obj
                0x00000000100079f0                usbd_open_edpt_pair
 .text.usbd_edpt_open
                0x0000000010007a8c       0x30 CMakeFiles/PicoAPRSTracker.dir/home/pi/pico/pico-sdk/lib/tinyusb/src/device/usbd.c.obj
                0x0000000010007a8c                usbd_edpt_open
 .text.usbd_edpt_claim
                0x0000000010007abc       0x60 CMakeFiles/PicoAPRSTracker.dir/home/pi/pico/pico-sdk/lib/tinyusb/src/device/usbd.c.obj
                0x0000000010007abc                usbd_edpt_claim
 .text.usbd_edpt_release
                0x0000000010007b1c       0x4c CMakeFiles/PicoAPRSTracker.dir/home/pi/pico/pico-sdk/lib/tinyusb/src/device/usbd.c.obj
                0x0000000010007b1c                usbd_edpt_release
 .text.usbd_edpt_xfer
                0x0000000010007b68       0x48 CMakeFiles/PicoAPRSTracker.dir/home/pi/pico/pico-sdk/lib/tinyusb/src/device/usbd.c.obj
                0x0000000010007b68                usbd_edpt_xfer
 .text.tud_control_status
                0x0000000010007bb0       0x30 CMakeFiles/PicoAPRSTracker.dir/home/pi/pico/pico-sdk/lib/tinyusb/src/device/usbd_control.c.obj
                0x0000000010007bb0                tud_control_status
 .text.tud_control_xfer
                0x0000000010007be0       0xb4 CMakeFiles/PicoAPRSTracker.dir/home/pi/pico/pico-sdk/lib/tinyusb/src/device/usbd_control.c.obj
                0x0000000010007be0                tud_control_xfer
 .text.usbd_control_reset
                0x0000000010007c94       0x14 CMakeFiles/PicoAPRSTracker.dir/home/pi/pico/pico-sdk/lib/tinyusb/src/device/usbd_control.c.obj
                0x0000000010007c94                usbd_control_reset
 .text.usbd_control_set_complete_callback
                0x0000000010007ca8        0xc CMakeFiles/PicoAPRSTracker.dir/home/pi/pico/pico-sdk/lib/tinyusb/src/device/usbd_control.c.obj
                0x0000000010007ca8                usbd_control_set_complete_callback
 .text.usbd_control_set_request
                0x0000000010007cb4       0x1c CMakeFiles/PicoAPRSTracker.dir/home/pi/pico/pico-sdk/lib/tinyusb/src/device/usbd_control.c.obj
                0x0000000010007cb4                usbd_control_set_request
 .text.usbd_control_xfer_cb
                0x0000000010007cd0       0xfc CMakeFiles/PicoAPRSTracker.dir/home/pi/pico/pico-sdk/lib/tinyusb/src/device/usbd_control.c.obj
                0x0000000010007cd0                usbd_control_xfer_cb
 .text.tud_cdc_n_connected
                0x0000000010007dcc       0x30 CMakeFiles/PicoAPRSTracker.dir/home/pi/pico/pico-sdk/lib/tinyusb/src/class/cdc/cdc_device.c.obj
                0x0000000010007dcc                tud_cdc_n_connected
 .text.tud_cdc_n_available
                0x0000000010007dfc       0x18 CMakeFiles/PicoAPRSTracker.dir/home/pi/pico/pico-sdk/lib/tinyusb/src/class/cdc/cdc_device.c.obj
                0x0000000010007dfc                tud_cdc_n_available
 .text.tud_cdc_n_read
                0x0000000010007e14       0x70 CMakeFiles/PicoAPRSTracker.dir/home/pi/pico/pico-sdk/lib/tinyusb/src/class/cdc/cdc_device.c.obj
                0x0000000010007e14                tud_cdc_n_read
 .text.tud_cdc_n_write_flush
                0x0000000010007e84       0x78 CMakeFiles/PicoAPRSTracker.dir/home/pi/pico/pico-sdk/lib/tinyusb/src/class/cdc/cdc_device.c.obj
                0x0000000010007e84                tud_cdc_n_write_flush
 .text.tud_cdc_n_write
                0x0000000010007efc       0x34 CMakeFiles/PicoAPRSTracker.dir/home/pi/pico/pico-sdk/lib/tinyusb/src/class/cdc/cdc_device.c.obj
                0x0000000010007efc                tud_cdc_n_write
 .text.tud_cdc_n_write_available
                0x0000000010007f30       0x18 CMakeFiles/PicoAPRSTracker.dir/home/pi/pico/pico-sdk/lib/tinyusb/src/class/cdc/cdc_device.c.obj
                0x0000000010007f30                tud_cdc_n_write_available
 .text.cdcd_init
                0x0000000010007f48       0x7c CMakeFiles/PicoAPRSTracker.dir/home/pi/pico/pico-sdk/lib/tinyusb/src/class/cdc/cdc_device.c.obj
                0x0000000010007f48                cdcd_init
 .text.cdcd_reset
                0x0000000010007fc4       0x2c CMakeFiles/PicoAPRSTracker.dir/home/pi/pico/pico-sdk/lib/tinyusb/src/class/cdc/cdc_device.c.obj
                0x0000000010007fc4                cdcd_reset
 .text.cdcd_open
                0x0000000010007ff0       0xe4 CMakeFiles/PicoAPRSTracker.dir/home/pi/pico/pico-sdk/lib/tinyusb/src/class/cdc/cdc_device.c.obj
                0x0000000010007ff0                cdcd_open
 .text.cdcd_control_xfer_cb
                0x00000000100080d4       0xdc CMakeFiles/PicoAPRSTracker.dir/home/pi/pico/pico-sdk/lib/tinyusb/src/class/cdc/cdc_device.c.obj
                0x00000000100080d4                cdcd_control_xfer_cb
 .text.cdcd_xfer_cb
                0x00000000100081b0      0x19c CMakeFiles/PicoAPRSTracker.dir/home/pi/pico/pico-sdk/lib/tinyusb/src/class/cdc/cdc_device.c.obj
                0x00000000100081b0                cdcd_xfer_cb
 .text.tusb_init
                0x000000001000834c        0xc CMakeFiles/PicoAPRSTracker.dir/home/pi/pico/pico-sdk/lib/tinyusb/src/tusb.c.obj
                0x000000001000834c                tusb_init
 .text.tusb_inited
                0x0000000010008358        0x8 CMakeFiles/PicoAPRSTracker.dir/home/pi/pico/pico-sdk/lib/tinyusb/src/tusb.c.obj
                0x0000000010008358                tusb_inited
 .text.tu_edpt_validate
                0x0000000010008360       0x74 CMakeFiles/PicoAPRSTracker.dir/home/pi/pico/pico-sdk/lib/tinyusb/src/tusb.c.obj
                0x0000000010008360                tu_edpt_validate
 .text.tu_edpt_bind_driver
                0x00000000100083d4       0x2c CMakeFiles/PicoAPRSTracker.dir/home/pi/pico/pico-sdk/lib/tinyusb/src/tusb.c.obj
                0x00000000100083d4                tu_edpt_bind_driver
 .text.tu_fifo_config
                0x0000000010008400       0x78 CMakeFiles/PicoAPRSTracker.dir/home/pi/pico/pico-sdk/lib/tinyusb/src/common/tusb_fifo.c.obj
                0x0000000010008400                tu_fifo_config
 .text.tu_fifo_count
                0x0000000010008478       0x24 CMakeFiles/PicoAPRSTracker.dir/home/pi/pico/pico-sdk/lib/tinyusb/src/common/tusb_fifo.c.obj
                0x0000000010008478                tu_fifo_count
 .text.tu_fifo_empty
                0x000000001000849c       0x10 CMakeFiles/PicoAPRSTracker.dir/home/pi/pico/pico-sdk/lib/tinyusb/src/common/tusb_fifo.c.obj
                0x000000001000849c                tu_fifo_empty
 .text.tu_fifo_remaining
                0x00000000100084ac       0x20 CMakeFiles/PicoAPRSTracker.dir/home/pi/pico/pico-sdk/lib/tinyusb/src/common/tusb_fifo.c.obj
                0x00000000100084ac                tu_fifo_remaining
 .text.tu_fifo_read
                0x00000000100084cc       0xa0 CMakeFiles/PicoAPRSTracker.dir/home/pi/pico/pico-sdk/lib/tinyusb/src/common/tusb_fifo.c.obj
                0x00000000100084cc                tu_fifo_read
 .text.tu_fifo_read_n
                0x000000001000856c       0xf8 CMakeFiles/PicoAPRSTracker.dir/home/pi/pico/pico-sdk/lib/tinyusb/src/common/tusb_fifo.c.obj
                0x000000001000856c                tu_fifo_read_n
 .text.tu_fifo_write
                0x0000000010008664       0x80 CMakeFiles/PicoAPRSTracker.dir/home/pi/pico/pico-sdk/lib/tinyusb/src/common/tusb_fifo.c.obj
                0x0000000010008664                tu_fifo_write
 .text.tu_fifo_write_n
                0x00000000100086e4       0xfc CMakeFiles/PicoAPRSTracker.dir/home/pi/pico/pico-sdk/lib/tinyusb/src/common/tusb_fifo.c.obj
                0x00000000100086e4                tu_fifo_write_n
 .text.tu_fifo_clear
                0x00000000100087e0       0x4c CMakeFiles/PicoAPRSTracker.dir/home/pi/pico/pico-sdk/lib/tinyusb/src/common/tusb_fifo.c.obj
                0x00000000100087e0                tu_fifo_clear
 .text.tu_fifo_set_overwritable
                0x000000001000882c       0x3c CMakeFiles/PicoAPRSTracker.dir/home/pi/pico/pico-sdk/lib/tinyusb/src/common/tusb_fifo.c.obj
                0x000000001000882c                tu_fifo_set_overwritable
 .text.startup._retrieve_unique_id_on_boot
                0x0000000010008868       0x10 CMakeFiles/PicoAPRSTracker.dir/home/pi/pico/pico-sdk/src/rp2_common/pico_unique_id/unique_id.c.obj
 .text.pico_get_unique_board_id_string
                0x0000000010008878      0x1cc CMakeFiles/PicoAPRSTracker.dir/home/pi/pico/pico-sdk/src/rp2_common/pico_unique_id/unique_id.c.obj
                0x0000000010008878                pico_get_unique_board_id_string
 .text.flash_get_unique_id
                0x0000000010008a44       0x3c CMakeFiles/PicoAPRSTracker.dir/home/pi/pico/pico-sdk/src/rp2_common/hardware_flash/flash.c.obj
                0x0000000010008a44                flash_get_unique_id
 .text.core1_trampoline
                0x0000000010008a80        0x4 CMakeFiles/PicoAPRSTracker.dir/home/pi/pico/pico-sdk/src/rp2_common/pico_multicore/multicore.c.obj
 .text.core1_wrapper
                0x0000000010008a84        0xc CMakeFiles/PicoAPRSTracker.dir/home/pi/pico/pico-sdk/src/rp2_common/pico_multicore/multicore.c.obj
                0x0000000010008a84                core1_wrapper
 .text.multicore_launch_core1
                0x0000000010008a90       0xc0 CMakeFiles/PicoAPRSTracker.dir/home/pi/pico/pico-sdk/src/rp2_common/pico_multicore/multicore.c.obj
                0x0000000010008a90                multicore_launch_core1
 .text.rtc_init
                0x0000000010008b50       0x38 CMakeFiles/PicoAPRSTracker.dir/home/pi/pico/pico-sdk/src/rp2_common/hardware_rtc/rtc.c.obj
                0x0000000010008b50                rtc_init
 .text.rtc_set_datetime
                0x0000000010008b88       0xa8 CMakeFiles/PicoAPRSTracker.dir/home/pi/pico/pico-sdk/src/rp2_common/hardware_rtc/rtc.c.obj
                0x0000000010008b88                rtc_set_datetime
 .text._ZSt19__throw_logic_errorPKc
                0x0000000010008c30       0x30 /usr/lib/gcc/arm-none-eabi/8.3.1/../../../arm-none-eabi/lib/thumb/v6-m/nofp/libstdc++.a(functexcept.o)
                0x0000000010008c30                std::__throw_logic_error(char const*)
 .text._ZSt24__throw_invalid_argumentPKc
                0x0000000010008c60       0x30 /usr/lib/gcc/arm-none-eabi/8.3.1/../../../arm-none-eabi/lib/thumb/v6-m/nofp/libstdc++.a(functexcept.o)
                0x0000000010008c60                std::__throw_invalid_argument(char const*)
 .text._ZSt20__throw_length_errorPKc
                0x0000000010008c90       0x30 /usr/lib/gcc/arm-none-eabi/8.3.1/../../../arm-none-eabi/lib/thumb/v6-m/nofp/libstdc++.a(functexcept.o)
                0x0000000010008c90                std::__throw_length_error(char const*)
 .text._ZSt20__throw_out_of_rangePKc
                0x0000000010008cc0       0x30 /usr/lib/gcc/arm-none-eabi/8.3.1/../../../arm-none-eabi/lib/thumb/v6-m/nofp/libstdc++.a(functexcept.o)
                0x0000000010008cc0                std::__throw_out_of_range(char const*)
 .text._ZSt24__throw_out_of_range_fmtPKcz
                0x0000000010008cf0       0x68 /usr/lib/gcc/arm-none-eabi/8.3.1/../../../arm-none-eabi/lib/thumb/v6-m/nofp/libstdc++.a(functexcept.o)
                0x0000000010008cf0                std::__throw_out_of_range_fmt(char const*, ...)
 .text._ZNSt11logic_errorC2EPKc
                0x0000000010008d58       0x24 /usr/lib/gcc/arm-none-eabi/8.3.1/../../../arm-none-eabi/lib/thumb/v6-m/nofp/libstdc++.a(cow-stdexcept.o)
                0x0000000010008d58                std::logic_error::logic_error(char const*)
                0x0000000010008d58                std::logic_error::logic_error(char const*)
 .text._ZNSt16invalid_argumentC2EPKc
                0x0000000010008d7c       0x14 /usr/lib/gcc/arm-none-eabi/8.3.1/../../../arm-none-eabi/lib/thumb/v6-m/nofp/libstdc++.a(cow-stdexcept.o)
                0x0000000010008d7c                std::invalid_argument::invalid_argument(char const*)
                0x0000000010008d7c                std::invalid_argument::invalid_argument(char const*)
 .text._ZNSt12length_errorC2EPKc
                0x0000000010008d90       0x14 /usr/lib/gcc/arm-none-eabi/8.3.1/../../../arm-none-eabi/lib/thumb/v6-m/nofp/libstdc++.a(cow-stdexcept.o)
                0x0000000010008d90                std::length_error::length_error(char const*)
                0x0000000010008d90                std::length_error::length_error(char const*)
 .text._ZNSt12out_of_rangeC2EPKc
                0x0000000010008da4       0x14 /usr/lib/gcc/arm-none-eabi/8.3.1/../../../arm-none-eabi/lib/thumb/v6-m/nofp/libstdc++.a(cow-stdexcept.o)
                0x0000000010008da4                std::out_of_range::out_of_range(char const*)
                0x0000000010008da4                std::out_of_range::out_of_range(char const*)
 .text._ZL23__gxx_exception_cleanup19_Unwind_Reason_CodeP21_Unwind_Control_Block
                0x0000000010008db8       0x34 /usr/lib/gcc/arm-none-eabi/8.3.1/../../../arm-none-eabi/lib/thumb/v6-m/nofp/libstdc++.a(eh_throw.o)
 .text.__cxa_init_primary_exception
                0x0000000010008dec       0x4c /usr/lib/gcc/arm-none-eabi/8.3.1/../../../arm-none-eabi/lib/thumb/v6-m/nofp/libstdc++.a(eh_throw.o)
                0x0000000010008dec                __cxa_init_primary_exception
 .text.__cxa_throw
                0x0000000010008e38       0x34 /usr/lib/gcc/arm-none-eabi/8.3.1/../../../arm-none-eabi/lib/thumb/v6-m/nofp/libstdc++.a(eh_throw.o)
                0x0000000010008e38                __cxa_throw
 .text.__cxa_rethrow
                0x0000000010008e6c       0x70 /usr/lib/gcc/arm-none-eabi/8.3.1/../../../arm-none-eabi/lib/thumb/v6-m/nofp/libstdc++.a(eh_throw.o)
                0x0000000010008e6c                __cxa_rethrow
 .text._ZN10__cxxabiv111__terminateEPFvvE
                0x0000000010008edc       0x28 /usr/lib/gcc/arm-none-eabi/8.3.1/../../../arm-none-eabi/lib/thumb/v6-m/nofp/libstdc++.a(eh_terminate.o)
                0x0000000010008edc                __cxxabiv1::__terminate(void (*)())
 .text._ZSt9terminatev
                0x0000000010008f04       0x10 /usr/lib/gcc/arm-none-eabi/8.3.1/../../../arm-none-eabi/lib/thumb/v6-m/nofp/libstdc++.a(eh_terminate.o)
                0x0000000010008f04                std::terminate()
 .text._ZN10__cxxabiv112__unexpectedEPFvvE
                0x0000000010008f14        0x8 /usr/lib/gcc/arm-none-eabi/8.3.1/../../../arm-none-eabi/lib/thumb/v6-m/nofp/libstdc++.a(eh_terminate.o)
                0x0000000010008f14                __cxxabiv1::__unexpected(void (*)())
 .text._ZSt10unexpectedv
                0x0000000010008f1c       0x10 /usr/lib/gcc/arm-none-eabi/8.3.1/../../../arm-none-eabi/lib/thumb/v6-m/nofp/libstdc++.a(eh_terminate.o)
                0x0000000010008f1c                std::unexpected()
 .text._ZSt13get_terminatev
                0x0000000010008f2c        0xc /usr/lib/gcc/arm-none-eabi/8.3.1/../../../arm-none-eabi/lib/thumb/v6-m/nofp/libstdc++.a(eh_terminate.o)
                0x0000000010008f2c                std::get_terminate()
 .text._ZSt14get_unexpectedv
                0x0000000010008f38        0xc /usr/lib/gcc/arm-none-eabi/8.3.1/../../../arm-none-eabi/lib/thumb/v6-m/nofp/libstdc++.a(eh_terminate.o)
                0x0000000010008f38                std::get_unexpected()
 .text._ZL28read_encoded_value_with_basehjPKhPj
                0x0000000010008f44      0x10c /usr/lib/gcc/arm-none-eabi/8.3.1/../../../arm-none-eabi/lib/thumb/v6-m/nofp/libstdc++.a(eh_personality.o)
 .text._ZL21base_of_encoded_valuehP15_Unwind_Context
                0x0000000010009050       0x48 /usr/lib/gcc/arm-none-eabi/8.3.1/../../../arm-none-eabi/lib/thumb/v6-m/nofp/libstdc++.a(eh_personality.o)
 .text._ZL17parse_lsda_headerP15_Unwind_ContextPKhP16lsda_header_info
                0x0000000010009098       0x9c /usr/lib/gcc/arm-none-eabi/8.3.1/../../../arm-none-eabi/lib/thumb/v6-m/nofp/libstdc++.a(eh_personality.o)
 .text.__gxx_personality_v0
                0x0000000010009134      0x4a4 /usr/lib/gcc/arm-none-eabi/8.3.1/../../../arm-none-eabi/lib/thumb/v6-m/nofp/libstdc++.a(eh_personality.o)
                0x0000000010009134                __gxx_personality_v0
 .text.__cxa_get_globals_fast
                0x00000000100095d8        0x8 /usr/lib/gcc/arm-none-eabi/8.3.1/../../../arm-none-eabi/lib/thumb/v6-m/nofp/libstdc++.a(eh_globals.o)
                0x00000000100095d8                __cxa_get_globals_fast
 .text.__cxa_get_globals
                0x00000000100095e0        0x8 /usr/lib/gcc/arm-none-eabi/8.3.1/../../../arm-none-eabi/lib/thumb/v6-m/nofp/libstdc++.a(eh_globals.o)
                0x00000000100095e0                __cxa_get_globals
 .text._ZNSt9exceptionD2Ev
                0x00000000100095e8        0x4 /usr/lib/gcc/arm-none-eabi/8.3.1/../../../arm-none-eabi/lib/thumb/v6-m/nofp/libstdc++.a(eh_exception.o)
                0x00000000100095e8                std::exception::~exception()
                0x00000000100095e8                std::exception::~exception()
 .text._ZNSt13bad_exceptionD2Ev
                0x00000000100095ec        0x4 /usr/lib/gcc/arm-none-eabi/8.3.1/../../../arm-none-eabi/lib/thumb/v6-m/nofp/libstdc++.a(eh_exception.o)
                0x00000000100095ec                std::bad_exception::~bad_exception()
                0x00000000100095ec                std::bad_exception::~bad_exception()
 .text._ZNKSt13bad_exception4whatEv
                0x00000000100095f0        0x8 /usr/lib/gcc/arm-none-eabi/8.3.1/../../../arm-none-eabi/lib/thumb/v6-m/nofp/libstdc++.a(eh_exception.o)
                0x00000000100095f0                transaction clone for std::bad_exception::what() const
                0x00000000100095f0                std::bad_exception::what() const
 .text._ZNSt13bad_exceptionD0Ev
                0x00000000100095f8       0x10 /usr/lib/gcc/arm-none-eabi/8.3.1/../../../arm-none-eabi/lib/thumb/v6-m/nofp/libstdc++.a(eh_exception.o)
                0x00000000100095f8                std::bad_exception::~bad_exception()
 .text.__cxa_begin_catch
                0x0000000010009608       0x74 /usr/lib/gcc/arm-none-eabi/8.3.1/../../../arm-none-eabi/lib/thumb/v6-m/nofp/libstdc++.a(eh_catch.o)
                0x0000000010009608                __cxa_begin_catch
 .text.__cxa_end_catch
                0x000000001000967c       0x8c /usr/lib/gcc/arm-none-eabi/8.3.1/../../../arm-none-eabi/lib/thumb/v6-m/nofp/libstdc++.a(eh_catch.o)
                0x000000001000967c                __cxa_end_catch
 .text._ZN10__cxxabiv1L24__is_gxx_exception_classEPc
                0x0000000010009708       0x3c /usr/lib/gcc/arm-none-eabi/8.3.1/../../../arm-none-eabi/lib/thumb/v6-m/nofp/libstdc++.a(eh_call.o)
 .text.__cxa_call_terminate
                0x0000000010009744       0x20 /usr/lib/gcc/arm-none-eabi/8.3.1/../../../arm-none-eabi/lib/thumb/v6-m/nofp/libstdc++.a(eh_call.o)
                0x0000000010009744                __cxa_call_terminate
 .text.unlikely.__cxa_call_unexpected
                0x0000000010009764      0x100 /usr/lib/gcc/arm-none-eabi/8.3.1/../../../arm-none-eabi/lib/thumb/v6-m/nofp/libstdc++.a(eh_call.o)
                0x0000000010009764                __cxa_call_unexpected
 .text.__cxa_end_cleanup
                0x0000000010009864        0xc /usr/lib/gcc/arm-none-eabi/8.3.1/../../../arm-none-eabi/lib/thumb/v6-m/nofp/libstdc++.a(eh_arm.o)
                0x0000000010009864                __cxa_end_cleanup
 .text.__cxa_type_match
                0x0000000010009870       0xd0 /usr/lib/gcc/arm-none-eabi/8.3.1/../../../arm-none-eabi/lib/thumb/v6-m/nofp/libstdc++.a(eh_arm.o)
                0x0000000010009870                __cxa_type_match
 .text.__cxa_begin_cleanup
                0x0000000010009940       0x60 /usr/lib/gcc/arm-none-eabi/8.3.1/../../../arm-none-eabi/lib/thumb/v6-m/nofp/libstdc++.a(eh_arm.o)
                0x0000000010009940                __cxa_begin_cleanup
 .text.__gnu_end_cleanup
                0x00000000100099a0       0x70 /usr/lib/gcc/arm-none-eabi/8.3.1/../../../arm-none-eabi/lib/thumb/v6-m/nofp/libstdc++.a(eh_arm.o)
                0x00000000100099a0                __gnu_end_cleanup
 .text._ZN12_GLOBAL__N_14pool4freeEPv.constprop.4
                0x0000000010009a10       0x84 /usr/lib/gcc/arm-none-eabi/8.3.1/../../../arm-none-eabi/lib/thumb/v6-m/nofp/libstdc++.a(eh_alloc.o)
 .text._ZN12_GLOBAL__N_14pool8allocateEj.constprop.5
                0x0000000010009a94       0x64 /usr/lib/gcc/arm-none-eabi/8.3.1/../../../arm-none-eabi/lib/thumb/v6-m/nofp/libstdc++.a(eh_alloc.o)
 .text.__cxa_allocate_exception
                0x0000000010009af8       0x2c /usr/lib/gcc/arm-none-eabi/8.3.1/../../../arm-none-eabi/lib/thumb/v6-m/nofp/libstdc++.a(eh_alloc.o)
                0x0000000010009af8                __cxa_allocate_exception
 .text.__cxa_free_exception
                0x0000000010009b24       0x24 /usr/lib/gcc/arm-none-eabi/8.3.1/../../../arm-none-eabi/lib/thumb/v6-m/nofp/libstdc++.a(eh_alloc.o)
                0x0000000010009b24                __cxa_free_exception
 .text.startup._GLOBAL__sub_I__ZN9__gnu_cxx9__freeresEv
                0x0000000010009b48       0x2c /usr/lib/gcc/arm-none-eabi/8.3.1/../../../arm-none-eabi/lib/thumb/v6-m/nofp/libstdc++.a(eh_alloc.o)
 .text._ZNK10__cxxabiv117__class_type_info11__do_upcastEPKS0_PPv
                0x0000000010009b74       0x38 /usr/lib/gcc/arm-none-eabi/8.3.1/../../../arm-none-eabi/lib/thumb/v6-m/nofp/libstdc++.a(class_type_info.o)
                0x0000000010009b74                __cxxabiv1::__class_type_info::__do_upcast(__cxxabiv1::__class_type_info const*, void**) const
 .text._ZNK10__cxxabiv117__class_type_info20__do_find_public_srcEiPKvPKS0_S2_
                0x0000000010009bac       0x14 /usr/lib/gcc/arm-none-eabi/8.3.1/../../../arm-none-eabi/lib/thumb/v6-m/nofp/libstdc++.a(class_type_info.o)
                0x0000000010009bac                __cxxabiv1::__class_type_info::__do_find_public_src(int, void const*, __cxxabiv1::__class_type_info const*, void const*) const
 .text._ZN10__cxxabiv117__class_type_infoD2Ev
                0x0000000010009bc0       0x18 /usr/lib/gcc/arm-none-eabi/8.3.1/../../../arm-none-eabi/lib/thumb/v6-m/nofp/libstdc++.a(class_type_info.o)
                0x0000000010009bc0                __cxxabiv1::__class_type_info::~__class_type_info()
                0x0000000010009bc0                __cxxabiv1::__class_type_info::~__class_type_info()
 .text._ZN10__cxxabiv117__class_type_infoD0Ev
                0x0000000010009bd8       0x20 /usr/lib/gcc/arm-none-eabi/8.3.1/../../../arm-none-eabi/lib/thumb/v6-m/nofp/libstdc++.a(class_type_info.o)
                0x0000000010009bd8                __cxxabiv1::__class_type_info::~__class_type_info()
 .text._ZNK10__cxxabiv117__class_type_info12__do_dyncastEiNS0_10__sub_kindEPKS0_PKvS3_S5_RNS0_16__dyncast_resultE
                0x0000000010009bf8       0x40 /usr/lib/gcc/arm-none-eabi/8.3.1/../../../arm-none-eabi/lib/thumb/v6-m/nofp/libstdc++.a(class_type_info.o)
                0x0000000010009bf8                __cxxabiv1::__class_type_info::__do_dyncast(int, __cxxabiv1::__class_type_info::__sub_kind, __cxxabiv1::__class_type_info const*, void const*, __cxxabiv1::__class_type_info const*, void const*, __cxxabiv1::__class_type_info::__dyncast_result&) const
 .text._ZNK10__cxxabiv117__class_type_info11__do_upcastEPKS0_PKvRNS0_15__upcast_resultE
                0x0000000010009c38       0x1c /usr/lib/gcc/arm-none-eabi/8.3.1/../../../arm-none-eabi/lib/thumb/v6-m/nofp/libstdc++.a(class_type_info.o)
                0x0000000010009c38                __cxxabiv1::__class_type_info::__do_upcast(__cxxabiv1::__class_type_info const*, void const*, __cxxabiv1::__class_type_info::__upcast_result&) const
 .text._ZNK10__cxxabiv117__class_type_info10__do_catchEPKSt9type_infoPPvj
                0x0000000010009c54       0x24 /usr/lib/gcc/arm-none-eabi/8.3.1/../../../arm-none-eabi/lib/thumb/v6-m/nofp/libstdc++.a(class_type_info.o)
                0x0000000010009c54                __cxxabiv1::__class_type_info::__do_catch(std::type_info const*, void**, unsigned int) const
 .text._ZNKSt11logic_error4whatEv
                0x0000000010009c78        0x4 /usr/lib/gcc/arm-none-eabi/8.3.1/../../../arm-none-eabi/lib/thumb/v6-m/nofp/libstdc++.a(stdexcept.o)
                0x0000000010009c78                std::logic_error::what() const
 .text._ZNSt11logic_errorD2Ev
                0x0000000010009c7c       0x40 /usr/lib/gcc/arm-none-eabi/8.3.1/../../../arm-none-eabi/lib/thumb/v6-m/nofp/libstdc++.a(stdexcept.o)
                0x0000000010009c7c                std::logic_error::~logic_error()
                0x0000000010009c7c                std::logic_error::~logic_error()
 .text._ZNSt11logic_errorD0Ev
                0x0000000010009cbc       0x14 /usr/lib/gcc/arm-none-eabi/8.3.1/../../../arm-none-eabi/lib/thumb/v6-m/nofp/libstdc++.a(stdexcept.o)
                0x0000000010009cbc                std::logic_error::~logic_error()
 .text._ZNSt16invalid_argumentD2Ev
                0x0000000010009cd0       0x18 /usr/lib/gcc/arm-none-eabi/8.3.1/../../../arm-none-eabi/lib/thumb/v6-m/nofp/libstdc++.a(stdexcept.o)
                0x0000000010009cd0                std::invalid_argument::~invalid_argument()
                0x0000000010009cd0                std::invalid_argument::~invalid_argument()
 .text._ZNSt16invalid_argumentD0Ev
                0x0000000010009ce8       0x1c /usr/lib/gcc/arm-none-eabi/8.3.1/../../../arm-none-eabi/lib/thumb/v6-m/nofp/libstdc++.a(stdexcept.o)
                0x0000000010009ce8                std::invalid_argument::~invalid_argument()
 .text._ZNSt12length_errorD2Ev
                0x0000000010009d04       0x18 /usr/lib/gcc/arm-none-eabi/8.3.1/../../../arm-none-eabi/lib/thumb/v6-m/nofp/libstdc++.a(stdexcept.o)
                0x0000000010009d04                std::length_error::~length_error()
                0x0000000010009d04                std::length_error::~length_error()
 .text._ZNSt12length_errorD0Ev
                0x0000000010009d1c       0x1c /usr/lib/gcc/arm-none-eabi/8.3.1/../../../arm-none-eabi/lib/thumb/v6-m/nofp/libstdc++.a(stdexcept.o)
                0x0000000010009d1c                std::length_error::~length_error()
 .text._ZNSt12out_of_rangeD2Ev
                0x0000000010009d38       0x18 /usr/lib/gcc/arm-none-eabi/8.3.1/../../../arm-none-eabi/lib/thumb/v6-m/nofp/libstdc++.a(stdexcept.o)
                0x0000000010009d38                std::out_of_range::~out_of_range()
                0x0000000010009d38                std::out_of_range::~out_of_range()
 .text._ZNSt12out_of_rangeD0Ev
                0x0000000010009d50       0x1c /usr/lib/gcc/arm-none-eabi/8.3.1/../../../arm-none-eabi/lib/thumb/v6-m/nofp/libstdc++.a(stdexcept.o)
                0x0000000010009d50                std::out_of_range::~out_of_range()
 .text._ZNSs4_Rep9_S_createEjjRKSaIcE
                0x0000000010009d6c       0x64 /usr/lib/gcc/arm-none-eabi/8.3.1/../../../arm-none-eabi/lib/thumb/v6-m/nofp/libstdc++.a(cow-string-inst.o)
                0x0000000010009d6c                std::string::_Rep::_S_create(unsigned int, unsigned int, std::allocator<char> const&)
 .text._ZNSs12_S_constructIPcEES0_T_S1_RKSaIcESt20forward_iterator_tag.part.20
                0x0000000010009dd0       0x48 /usr/lib/gcc/arm-none-eabi/8.3.1/../../../arm-none-eabi/lib/thumb/v6-m/nofp/libstdc++.a(cow-string-inst.o)
 .text._ZNSs4_Rep10_M_destroyERKSaIcE
                0x0000000010009e18        0x8 /usr/lib/gcc/arm-none-eabi/8.3.1/../../../arm-none-eabi/lib/thumb/v6-m/nofp/libstdc++.a(cow-string-inst.o)
                0x0000000010009e18                std::string::_Rep::_M_destroy(std::allocator<char> const&)
 .text._ZNSs12_S_constructIPKcEEPcT_S3_RKSaIcESt20forward_iterator_tag
                0x0000000010009e20       0x24 /usr/lib/gcc/arm-none-eabi/8.3.1/../../../arm-none-eabi/lib/thumb/v6-m/nofp/libstdc++.a(cow-string-inst.o)
                0x0000000010009e20                char* std::string::_S_construct<char const*>(char const*, char const*, std::allocator<char> const&, std::forward_iterator_tag)
 .text._ZNSsC2EPKcRKSaIcE
                0x0000000010009e44       0x2c /usr/lib/gcc/arm-none-eabi/8.3.1/../../../arm-none-eabi/lib/thumb/v6-m/nofp/libstdc++.a(cow-string-inst.o)
                0x0000000010009e44                std::basic_string<char, std::char_traits<char>, std::allocator<char> >::basic_string(char const*, std::allocator<char> const&)
                0x0000000010009e44                std::basic_string<char, std::char_traits<char>, std::allocator<char> >::basic_string(char const*, std::allocator<char> const&)
 .text._ZN9__gnu_cxx26__throw_insufficient_spaceEPKcS1_
                0x0000000010009e70       0x50 /usr/lib/gcc/arm-none-eabi/8.3.1/../../../arm-none-eabi/lib/thumb/v6-m/nofp/libstdc++.a(snprintf_lite.o)
                0x0000000010009e70                __gnu_cxx::__throw_insufficient_space(char const*, char const*)
 .text._ZN9__gnu_cxx15__concat_size_tEPcjj
                0x0000000010009ec0       0x70 /usr/lib/gcc/arm-none-eabi/8.3.1/../../../arm-none-eabi/lib/thumb/v6-m/nofp/libstdc++.a(snprintf_lite.o)
                0x0000000010009ec0                __gnu_cxx::__concat_size_t(char*, unsigned int, unsigned int)
 .text._ZN9__gnu_cxx15__snprintf_liteEPcjPKcSt9__va_list
                0x0000000010009f30       0xa8 /usr/lib/gcc/arm-none-eabi/8.3.1/../../../arm-none-eabi/lib/thumb/v6-m/nofp/libstdc++.a(snprintf_lite.o)
                0x0000000010009f30                __gnu_cxx::__snprintf_lite(char*, unsigned int, char const*, std::__va_list)
 .text._ZNSt9type_infoD2Ev
                0x0000000010009fd8        0x4 /usr/lib/gcc/arm-none-eabi/8.3.1/../../../arm-none-eabi/lib/thumb/v6-m/nofp/libstdc++.a(tinfo.o)
                0x0000000010009fd8                std::type_info::~type_info()
                0x0000000010009fd8                std::type_info::~type_info()
 .text._ZNKSt9type_info14__is_pointer_pEv
                0x0000000010009fdc        0x4 /usr/lib/gcc/arm-none-eabi/8.3.1/../../../arm-none-eabi/lib/thumb/v6-m/nofp/libstdc++.a(tinfo.o)
                0x0000000010009fdc                std::type_info::__is_function_p() const
                0x0000000010009fdc                std::type_info::__is_pointer_p() const
 .text._ZNKSt9type_infoeqERKS_
                0x0000000010009fe0       0x30 /usr/lib/gcc/arm-none-eabi/8.3.1/../../../arm-none-eabi/lib/thumb/v6-m/nofp/libstdc++.a(tinfo.o)
                0x0000000010009fe0                std::type_info::operator==(std::type_info const&) const
 .text._ZN10__cxxabiv120__si_class_type_infoD2Ev
                0x000000001000a010       0x18 /usr/lib/gcc/arm-none-eabi/8.3.1/../../../arm-none-eabi/lib/thumb/v6-m/nofp/libstdc++.a(si_class_type_info.o)
                0x000000001000a010                __cxxabiv1::__si_class_type_info::~__si_class_type_info()
                0x000000001000a010                __cxxabiv1::__si_class_type_info::~__si_class_type_info()
 .text._ZN10__cxxabiv120__si_class_type_infoD0Ev
                0x000000001000a028       0x20 /usr/lib/gcc/arm-none-eabi/8.3.1/../../../arm-none-eabi/lib/thumb/v6-m/nofp/libstdc++.a(si_class_type_info.o)
                0x000000001000a028                __cxxabiv1::__si_class_type_info::~__si_class_type_info()
 .text._ZNK10__cxxabiv120__si_class_type_info20__do_find_public_srcEiPKvPKNS_17__class_type_infoES2_
                0x000000001000a048       0x38 /usr/lib/gcc/arm-none-eabi/8.3.1/../../../arm-none-eabi/lib/thumb/v6-m/nofp/libstdc++.a(si_class_type_info.o)
                0x000000001000a048                __cxxabiv1::__si_class_type_info::__do_find_public_src(int, void const*, __cxxabiv1::__class_type_info const*, void const*) const
 .text._ZNK10__cxxabiv120__si_class_type_info12__do_dyncastEiNS_17__class_type_info10__sub_kindEPKS1_PKvS4_S6_RNS1_16__dyncast_resultE
                0x000000001000a080       0x9c /usr/lib/gcc/arm-none-eabi/8.3.1/../../../arm-none-eabi/lib/thumb/v6-m/nofp/libstdc++.a(si_class_type_info.o)
                0x000000001000a080                __cxxabiv1::__si_class_type_info::__do_dyncast(int, __cxxabiv1::__class_type_info::__sub_kind, __cxxabiv1::__class_type_info const*, void const*, __cxxabiv1::__class_type_info const*, void const*, __cxxabiv1::__class_type_info::__dyncast_result&) const
 .text._ZNK10__cxxabiv120__si_class_type_info11__do_upcastEPKNS_17__class_type_infoEPKvRNS1_15__upcast_resultE
                0x000000001000a11c       0x24 /usr/lib/gcc/arm-none-eabi/8.3.1/../../../arm-none-eabi/lib/thumb/v6-m/nofp/libstdc++.a(si_class_type_info.o)
                0x000000001000a11c                __cxxabiv1::__si_class_type_info::__do_upcast(__cxxabiv1::__class_type_info const*, void const*, __cxxabiv1::__class_type_info::__upcast_result&) const
 .text          0x000000001000a140       0x10 /usr/lib/gcc/arm-none-eabi/8.3.1/../../../arm-none-eabi/lib/thumb/v6-m/nofp/libc.a(lib_a-abort.o)
                0x000000001000a140                abort
 .text          0x000000001000a150        0xc /usr/lib/gcc/arm-none-eabi/8.3.1/../../../arm-none-eabi/lib/thumb/v6-m/nofp/libc.a(lib_a-errno.o)
                0x000000001000a150                __errno
 .text          0x000000001000a15c       0x28 /usr/lib/gcc/arm-none-eabi/8.3.1/../../../arm-none-eabi/lib/thumb/v6-m/nofp/libc.a(lib_a-malloc.o)
                0x000000001000a15c                malloc
                0x000000001000a170                free
 .text          0x000000001000a184      0x58c /usr/lib/gcc/arm-none-eabi/8.3.1/../../../arm-none-eabi/lib/thumb/v6-m/nofp/libc.a(lib_a-mallocr.o)
                0x000000001000a184                _malloc_r
 .text          0x000000001000a710        0x8 /usr/lib/gcc/arm-none-eabi/8.3.1/../../../arm-none-eabi/lib/thumb/v6-m/nofp/libc.a(lib_a-mlock.o)
                0x000000001000a710                __malloc_lock
                0x000000001000a714                __malloc_unlock
 .text          0x000000001000a718       0x24 /usr/lib/gcc/arm-none-eabi/8.3.1/../../../arm-none-eabi/lib/thumb/v6-m/nofp/libc.a(lib_a-sbrkr.o)
                0x000000001000a718                _sbrk_r
 .text          0x000000001000a73c      0x190 /usr/lib/gcc/arm-none-eabi/8.3.1/../../../arm-none-eabi/lib/thumb/v6-m/nofp/libc.a(lib_a-signal.o)
                0x000000001000a768                _init_signal_r
                0x000000001000a784                _signal_r
                0x000000001000a7c0                _raise_r
                0x000000001000a81c                __sigtramp_r
                0x000000001000a86c                raise
                0x000000001000a880                signal
                0x000000001000a898                _init_signal
                0x000000001000a8b8                __sigtramp
 .text          0x000000001000a8cc       0x30 /usr/lib/gcc/arm-none-eabi/8.3.1/../../../arm-none-eabi/lib/thumb/v6-m/nofp/libc.a(lib_a-signalr.o)
                0x000000001000a8cc                _kill_r
                0x000000001000a8f4                _getpid_r
 .text          0x000000001000a8fc       0x88 /usr/lib/gcc/arm-none-eabi/8.3.1/../../../arm-none-eabi/lib/thumb/v6-m/nofp/libc.a(lib_a-strcmp.o)
                0x000000001000a8fc                strcmp
 .text          0x000000001000a984       0x68 /usr/lib/gcc/arm-none-eabi/8.3.1/../../../arm-none-eabi/lib/thumb/v6-m/nofp/libc.a(lib_a-strlen-stub.o)
                0x000000001000a984                strlen
 .text          0x000000001000a9ec      0x184 /usr/lib/gcc/arm-none-eabi/8.3.1/../../../arm-none-eabi/lib/thumb/v6-m/nofp/libc.a(lib_a-strtol.o)
                0x000000001000ab38                _strtol_r
                0x000000001000ab40                strtol_l
                0x000000001000ab58                strtol
 .text          0x000000001000ab70      0x27c /usr/lib/gcc/arm-none-eabi/8.3.1/../../../arm-none-eabi/lib/thumb/v6-m/nofp/libc.a(lib_a-freer.o)
                0x000000001000ab70                _malloc_trim_r
                0x000000001000ac10                _free_r
 .text          0x000000001000adec       0x10 /usr/lib/gcc/arm-none-eabi/8.3.1/../../../arm-none-eabi/lib/thumb/v6-m/nofp/libnosys.a(getpid.o)
                0x000000001000adec                _getpid
 .text          0x000000001000adfc       0x10 /usr/lib/gcc/arm-none-eabi/8.3.1/../../../arm-none-eabi/lib/thumb/v6-m/nofp/libnosys.a(kill.o)
                0x000000001000adfc                _kill
 *(.fini)
 .fini          0x000000001000ae0c        0x4 /usr/lib/gcc/arm-none-eabi/8.3.1/thumb/v6-m/nofp/crti.o
                0x000000001000ae0c                _fini
 .fini.__stub   0x000000001000ae10      0x150 linker stubs
 *crtbegin.o(.ctors)
 *crtbegin?.o(.ctors)
 *(EXCLUDE_FILE(*crtend.o *crtend?.o) .ctors)
 *(SORT_BY_NAME(.ctors.*))
 *(.ctors)
 *crtbegin.o(.dtors)
 *crtbegin?.o(.dtors)
 *(EXCLUDE_FILE(*crtend.o *crtend?.o) .dtors)
 *(SORT_BY_NAME(.dtors.*))
 *(.dtors)
 *(.eh_frame*)
 .eh_frame      0x000000001000af60        0x0 /usr/lib/gcc/arm-none-eabi/8.3.1/thumb/v6-m/nofp/crtbegin.o
                0x000000001000af60                . = ALIGN (0x4)

.glue_7         0x000000001000af60        0x0
 .glue_7        0x000000001000af60        0x0 linker stubs

.glue_7t        0x000000001000af60        0x0
 .glue_7t       0x000000001000af60        0x0 linker stubs

.vfp11_veneer   0x000000001000af60        0x0
 .vfp11_veneer  0x000000001000af60        0x0 linker stubs

.v4_bx          0x000000001000af60        0x0
 .v4_bx         0x000000001000af60        0x0 linker stubs

.iplt           0x000000001000af60        0x0
 .iplt          0x000000001000af60        0x0 /usr/lib/gcc/arm-none-eabi/8.3.1/thumb/v6-m/nofp/crtbegin.o

.rodata         0x000000001000af60      0xc28
 *(EXCLUDE_FILE(*libm.a: *libc.a:*lib_a-mem*.o *libgcc.a:) .rodata*)
 .rodata._GLOBAL__sub_I_b_rtcUpdated.str1.4
                0x000000001000af60       0x20 CMakeFiles/PicoAPRSTracker.dir/PicoAPRSTracker.cpp.obj
 .rodata._Z13handleGPSDatav.str1.4
                0x000000001000af80      0x10b CMakeFiles/PicoAPRSTracker.dir/PicoAPRSTracker.cpp.obj
 *fill*         0x000000001000b08b        0x1 
 .rodata._Z4loopv.str1.4
                0x000000001000b08c       0x3b CMakeFiles/PicoAPRSTracker.dir/PicoAPRSTracker.cpp.obj
 *fill*         0x000000001000b0c7        0x1 
 .rodata._ZNSt7__cxx1112basic_stringIcSt11char_traitsIcESaIcEEC2IS3_EEPKcRKS3_.constprop.49.str1.4
                0x000000001000b0c8       0x2a CMakeFiles/PicoAPRSTracker.dir/PicoAPRSTracker.cpp.obj
 *fill*         0x000000001000b0f2        0x2 
 .rodata.main.str1.4
                0x000000001000b0f4      0x109 CMakeFiles/PicoAPRSTracker.dir/PicoAPRSTracker.cpp.obj
 *fill*         0x000000001000b1fd        0x3 
 .rodata.spin_lock_claim_unused.str1.4
                0x000000001000b200       0x1b CMakeFiles/PicoAPRSTracker.dir/home/pi/pico/pico-sdk/src/rp2_common/hardware_sync/sync.c.obj
 *fill*         0x000000001000b21b        0x1 
 .rodata.user_irq_claim_unused.str1.4
                0x000000001000b21c       0x1b CMakeFiles/PicoAPRSTracker.dir/home/pi/pico/pico-sdk/src/rp2_common/hardware_irq/irq.c.obj
 *fill*         0x000000001000b237        0x1 
 .rodata.hardware_alarm_claim.str1.4
                0x000000001000b238       0x22 CMakeFiles/PicoAPRSTracker.dir/home/pi/pico/pico-sdk/src/rp2_common/hardware_timer/timer.c.obj
 *fill*         0x000000001000b25a        0x2 
 .rodata.hard_assertion_failure.str1.4
                0x000000001000b25c        0xc CMakeFiles/PicoAPRSTracker.dir/home/pi/pico/pico-sdk/src/rp2_common/pico_runtime/runtime.c.obj
 .rodata.panic.str1.4
                0x000000001000b268       0x10 CMakeFiles/PicoAPRSTracker.dir/home/pi/pico/pico-sdk/src/rp2_common/pico_runtime/runtime.c.obj
                                         0x12 (size before relaxing)
 .rodata._vsnprintf
                0x000000001000b278      0x1e0 CMakeFiles/PicoAPRSTracker.dir/home/pi/pico/pico-sdk/src/rp2_common/pico_printf/printf.c.obj
 .rodata._ftoa.str1.4
                0x000000001000b458       0x15 CMakeFiles/PicoAPRSTracker.dir/home/pi/pico/pico-sdk/src/rp2_common/pico_printf/printf.c.obj
 *fill*         0x000000001000b46d        0x3 
 .rodata.pow10.5494
                0x000000001000b470       0x50 CMakeFiles/PicoAPRSTracker.dir/home/pi/pico/pico-sdk/src/rp2_common/pico_printf/printf.c.obj
 .rodata.__wrap_malloc.str1.4
                0x000000001000b4c0        0xe CMakeFiles/PicoAPRSTracker.dir/home/pi/pico/pico-sdk/src/rp2_common/pico_malloc/pico_malloc.c.obj
 *fill*         0x000000001000b4ce        0x2 
 .rodata.__bi_44
                0x000000001000b4d0        0xc CMakeFiles/PicoAPRSTracker.dir/home/pi/pico/pico-sdk/src/rp2_common/pico_standard_link/binary_info.c.obj
 .rodata.__bi_56
                0x000000001000b4dc        0xc CMakeFiles/PicoAPRSTracker.dir/home/pi/pico/pico-sdk/src/rp2_common/pico_standard_link/binary_info.c.obj
 .rodata.__bi_75
                0x000000001000b4e8        0xc CMakeFiles/PicoAPRSTracker.dir/home/pi/pico/pico-sdk/src/rp2_common/pico_standard_link/binary_info.c.obj
 .rodata.__bi_81
                0x000000001000b4f4        0xc CMakeFiles/PicoAPRSTracker.dir/home/pi/pico/pico-sdk/src/rp2_common/pico_standard_link/binary_info.c.obj
 .rodata.str1.4
                0x000000001000b500       0x48 CMakeFiles/PicoAPRSTracker.dir/home/pi/pico/pico-sdk/src/rp2_common/pico_standard_link/binary_info.c.obj
 .rodata.crlf_str.5963
                0x000000001000b548        0x2 CMakeFiles/PicoAPRSTracker.dir/home/pi/pico/pico-sdk/src/rp2_common/pico_stdio/stdio.c.obj
 *fill*         0x000000001000b54a        0x2 
 .rodata._resetd_driver
                0x000000001000b54c       0x18 CMakeFiles/PicoAPRSTracker.dir/home/pi/pico/pico-sdk/src/rp2_common/pico_stdio_usb/reset_interface.c.obj
 .rodata.__bi_118.7257
                0x000000001000b564        0xc CMakeFiles/PicoAPRSTracker.dir/home/pi/pico/pico-sdk/src/rp2_common/pico_stdio_usb/stdio_usb.c.obj
 .rodata.str1.4
                0x000000001000b570       0x13 CMakeFiles/PicoAPRSTracker.dir/home/pi/pico/pico-sdk/src/rp2_common/pico_stdio_usb/stdio_usb.c.obj
 *fill*         0x000000001000b583        0x1 
 .rodata.str1.4
                0x000000001000b584       0x2a CMakeFiles/PicoAPRSTracker.dir/home/pi/pico/pico-sdk/src/rp2_common/pico_stdio_usb/stdio_usb_descriptors.c.obj
 *fill*         0x000000001000b5ae        0x2 
 .rodata.usbd_desc_cfg
                0x000000001000b5b0       0x54 CMakeFiles/PicoAPRSTracker.dir/home/pi/pico/pico-sdk/src/rp2_common/pico_stdio_usb/stdio_usb_descriptors.c.obj
 .rodata.usbd_desc_device
                0x000000001000b604       0x12 CMakeFiles/PicoAPRSTracker.dir/home/pi/pico/pico-sdk/src/rp2_common/pico_stdio_usb/stdio_usb_descriptors.c.obj
 *fill*         0x000000001000b616        0x2 
 .rodata.usbd_desc_str
                0x000000001000b618       0x18 CMakeFiles/PicoAPRSTracker.dir/home/pi/pico/pico-sdk/src/rp2_common/pico_stdio_usb/stdio_usb_descriptors.c.obj
 .rodata.dcd_rp2040_irq.str1.4
                0x000000001000b630       0x14 CMakeFiles/PicoAPRSTracker.dir/home/pi/pico/pico-sdk/lib/tinyusb/src/portable/raspberrypi/rp2040/dcd_rp2040.c.obj
 .rodata._hw_endpoint_buffer_control_update32.part.2.str1.4
                0x000000001000b644       0x1f CMakeFiles/PicoAPRSTracker.dir/home/pi/pico/pico-sdk/lib/tinyusb/src/portable/raspberrypi/rp2040/rp2040_usb.c.obj
 *fill*         0x000000001000b663        0x1 
 .rodata.hw_endpoint_xfer_continue.str1.4
                0x000000001000b664       0x29 CMakeFiles/PicoAPRSTracker.dir/home/pi/pico/pico-sdk/lib/tinyusb/src/portable/raspberrypi/rp2040/rp2040_usb.c.obj
 *fill*         0x000000001000b68d        0x3 
 .rodata.str1.4
                0x000000001000b690        0x7 CMakeFiles/PicoAPRSTracker.dir/home/pi/pico/pico-sdk/lib/tinyusb/src/portable/raspberrypi/rp2040/rp2040_usb.c.obj
 *fill*         0x000000001000b697        0x1 
 .rodata.tud_task
                0x000000001000b698       0x8c CMakeFiles/PicoAPRSTracker.dir/home/pi/pico/pico-sdk/lib/tinyusb/src/device/usbd.c.obj
 .rodata._usbd_driver
                0x000000001000b724       0x18 CMakeFiles/PicoAPRSTracker.dir/home/pi/pico/pico-sdk/lib/tinyusb/src/device/usbd.c.obj
 .rodata._ZL28read_encoded_value_with_basehjPKhPj
                0x000000001000b73c       0x34 /usr/lib/gcc/arm-none-eabi/8.3.1/../../../arm-none-eabi/lib/thumb/v6-m/nofp/libstdc++.a(eh_personality.o)
 .rodata._ZNKSt13bad_exception4whatEv.str1.4
                0x000000001000b770       0x13 /usr/lib/gcc/arm-none-eabi/8.3.1/../../../arm-none-eabi/lib/thumb/v6-m/nofp/libstdc++.a(eh_exception.o)
 *fill*         0x000000001000b783        0x1 
 .rodata._ZTIN10__cxxabiv115__forced_unwindE
                0x000000001000b784        0x8 /usr/lib/gcc/arm-none-eabi/8.3.1/../../../arm-none-eabi/lib/thumb/v6-m/nofp/libstdc++.a(eh_exception.o)
                0x000000001000b784                typeinfo for __cxxabiv1::__forced_unwind
 .rodata._ZTIN10__cxxabiv119__foreign_exceptionE
                0x000000001000b78c        0x8 /usr/lib/gcc/arm-none-eabi/8.3.1/../../../arm-none-eabi/lib/thumb/v6-m/nofp/libstdc++.a(eh_exception.o)
                0x000000001000b78c                typeinfo for __cxxabiv1::__foreign_exception
 .rodata._ZTISt13bad_exception
                0x000000001000b794        0xc /usr/lib/gcc/arm-none-eabi/8.3.1/../../../arm-none-eabi/lib/thumb/v6-m/nofp/libstdc++.a(eh_exception.o)
                0x000000001000b794                typeinfo for std::bad_exception
 .rodata._ZTISt9exception
                0x000000001000b7a0        0x8 /usr/lib/gcc/arm-none-eabi/8.3.1/../../../arm-none-eabi/lib/thumb/v6-m/nofp/libstdc++.a(eh_exception.o)
                0x000000001000b7a0                typeinfo for std::exception
 .rodata._ZTSN10__cxxabiv115__forced_unwindE
                0x000000001000b7a8       0x20 /usr/lib/gcc/arm-none-eabi/8.3.1/../../../arm-none-eabi/lib/thumb/v6-m/nofp/libstdc++.a(eh_exception.o)
                0x000000001000b7a8                typeinfo name for __cxxabiv1::__forced_unwind
 .rodata._ZTSN10__cxxabiv119__foreign_exceptionE
                0x000000001000b7c8       0x24 /usr/lib/gcc/arm-none-eabi/8.3.1/../../../arm-none-eabi/lib/thumb/v6-m/nofp/libstdc++.a(eh_exception.o)
                0x000000001000b7c8                typeinfo name for __cxxabiv1::__foreign_exception
 .rodata._ZTSSt13bad_exception
                0x000000001000b7ec       0x12 /usr/lib/gcc/arm-none-eabi/8.3.1/../../../arm-none-eabi/lib/thumb/v6-m/nofp/libstdc++.a(eh_exception.o)
                0x000000001000b7ec                typeinfo name for std::bad_exception
 *fill*         0x000000001000b7fe        0x2 
 .rodata._ZTSSt9exception
                0x000000001000b800        0xd /usr/lib/gcc/arm-none-eabi/8.3.1/../../../arm-none-eabi/lib/thumb/v6-m/nofp/libstdc++.a(eh_exception.o)
                0x000000001000b800                typeinfo name for std::exception
 *fill*         0x000000001000b80d        0x3 
 .rodata._ZTVSt13bad_exception
                0x000000001000b810       0x14 /usr/lib/gcc/arm-none-eabi/8.3.1/../../../arm-none-eabi/lib/thumb/v6-m/nofp/libstdc++.a(eh_exception.o)
                0x000000001000b810                vtable for std::bad_exception
 .rodata._ZTIN10__cxxabiv117__class_type_infoE
                0x000000001000b824        0xc /usr/lib/gcc/arm-none-eabi/8.3.1/../../../arm-none-eabi/lib/thumb/v6-m/nofp/libstdc++.a(class_type_info.o)
                0x000000001000b824                typeinfo for __cxxabiv1::__class_type_info
 .rodata._ZTSN10__cxxabiv117__class_type_infoE
                0x000000001000b830       0x22 /usr/lib/gcc/arm-none-eabi/8.3.1/../../../arm-none-eabi/lib/thumb/v6-m/nofp/libstdc++.a(class_type_info.o)
                0x000000001000b830                typeinfo name for __cxxabiv1::__class_type_info
 *fill*         0x000000001000b852        0x2 
 .rodata._ZTVN10__cxxabiv117__class_type_infoE
                0x000000001000b854       0x2c /usr/lib/gcc/arm-none-eabi/8.3.1/../../../arm-none-eabi/lib/thumb/v6-m/nofp/libstdc++.a(class_type_info.o)
                0x000000001000b854                vtable for __cxxabiv1::__class_type_info
 .rodata._ZTISt11logic_error
                0x000000001000b880        0xc /usr/lib/gcc/arm-none-eabi/8.3.1/../../../arm-none-eabi/lib/thumb/v6-m/nofp/libstdc++.a(stdexcept.o)
                0x000000001000b880                typeinfo for std::logic_error
 .rodata._ZTISt12length_error
                0x000000001000b88c        0xc /usr/lib/gcc/arm-none-eabi/8.3.1/../../../arm-none-eabi/lib/thumb/v6-m/nofp/libstdc++.a(stdexcept.o)
                0x000000001000b88c                typeinfo for std::length_error
 .rodata._ZTISt12out_of_range
                0x000000001000b898        0xc /usr/lib/gcc/arm-none-eabi/8.3.1/../../../arm-none-eabi/lib/thumb/v6-m/nofp/libstdc++.a(stdexcept.o)
                0x000000001000b898                typeinfo for std::out_of_range
 .rodata._ZTISt16invalid_argument
                0x000000001000b8a4        0xc /usr/lib/gcc/arm-none-eabi/8.3.1/../../../arm-none-eabi/lib/thumb/v6-m/nofp/libstdc++.a(stdexcept.o)
                0x000000001000b8a4                typeinfo for std::invalid_argument
 .rodata._ZTSSt11logic_error
                0x000000001000b8b0       0x10 /usr/lib/gcc/arm-none-eabi/8.3.1/../../../arm-none-eabi/lib/thumb/v6-m/nofp/libstdc++.a(stdexcept.o)
                0x000000001000b8b0                typeinfo name for std::logic_error
 .rodata._ZTSSt12length_error